Component: ARM Compiler 5.06 update 1 (build 61) Tool: armlink [4d35a8]

==============================================================================

Section Cross References

    directiondata.o(i.DirectionDataList_Clear) refers to malloc.o(i.free) for free
    directiondata.o(i.DirectionDataList_Clear) refers to directiondata.o(i.DirectionDataList_Init) for DirectionDataList_Init
    directiondata.o(i.DirectionDataList_Get) refers to malloc.o(i.free) for free
    directiondata.o(i.DirectionDataList_Put) refers to malloc.o(i.malloc) for malloc
    uart_driver.o(i.UART_Init) refers to stm32f10x_rcc.o(i.RCC_APB2PeriphClockCmd) for RCC_APB2PeriphClockCmd
    uart_driver.o(i.UART_Init) refers to stm32f10x_gpio.o(i.GPIO_Init) for GPIO_Init
    uart_driver.o(i.UART_Init) refers to misc.o(i.NVIC_Init) for NVIC_Init
    uart_driver.o(i.UART_Init) refers to stm32f10x_rcc.o(i.RCC_APB1PeriphClockCmd) for RCC_APB1PeriphClockCmd
    uart_driver.o(i.UART_Init) refers to stm32f10x_usart.o(i.USART_DeInit) for USART_DeInit
    uart_driver.o(i.UART_Init) refers to stm32f10x_usart.o(i.USART_Init) for USART_Init
    uart_driver.o(i.UART_Init) refers to stm32f10x_usart.o(i.USART_ITConfig) for USART_ITConfig
    uart_driver.o(i.UART_Init) refers to stm32f10x_usart.o(i.USART_Cmd) for USART_Cmd
    uart_driver.o(i.UART_Init) refers to malloc.o(i.malloc) for malloc
    uart_driver.o(i.UART_Init) refers to uart_driver.o(.data) for _buffer
    uart_driver.o(i.UART_Send) refers to stm32f10x_usart.o(i.USART_GetFlagStatus) for USART_GetFlagStatus
    uart_driver.o(i.UART_Send) refers to stm32f10x_usart.o(i.USART_SendData) for USART_SendData
    uart_driver.o(i.UART_SendStr) refers to uart_driver.o(i.UART_Send) for UART_Send
    uart_driver.o(i.USART2_IRQHandler) refers to stm32f10x_usart.o(i.USART_GetITStatus) for USART_GetITStatus
    uart_driver.o(i.USART2_IRQHandler) refers to stm32f10x_usart.o(i.USART_ReceiveData) for USART_ReceiveData
    uart_driver.o(i.USART2_IRQHandler) refers to strcpy.o(.text) for strcpy
    uart_driver.o(i.USART2_IRQHandler) refers to stm32f10x_usart.o(i.USART_ClearITPendingBit) for USART_ClearITPendingBit
    uart_driver.o(i.USART2_IRQHandler) refers to uart_driver.o(.data) for _index
    main.o(i.UART2_ReceiveMessage) refers to uart_driver.o(i.UART_SendStr) for UART_SendStr
    main.o(i.UART2_ReceiveMessage) refers to main.o(i.messageToDirectionData) for messageToDirectionData
    main.o(i.UART2_ReceiveMessage) refers to directiondata.o(i.DirectionDataList_Put) for DirectionDataList_Put
    main.o(i.UART2_ReceiveMessage) refers to main.o(.bss) for list
    main.o(i.USART1_IRQHandler) refers to stm32f10x_usart.o(i.USART_GetITStatus) for USART_GetITStatus
    main.o(i.USART1_IRQHandler) refers to stm32f10x_usart.o(i.USART_ReceiveData) for USART_ReceiveData
    main.o(i.USART1_IRQHandler) refers to strstr.o(.text) for strstr
    main.o(i.USART1_IRQHandler) refers to strcpy.o(.text) for strcpy
    main.o(i.USART1_IRQHandler) refers to main.o(i.getLatLon) for getLatLon
    main.o(i.USART1_IRQHandler) refers to stm32f10x_gpio.o(i.GPIO_ResetBits) for GPIO_ResetBits
    main.o(i.USART1_IRQHandler) refers to main.o(.bss) for s
    main.o(i.USART1_IRQHandler) refers to main.o(.data) for pos
    main.o(i.USART_init) refers to stm32f10x_rcc.o(i.RCC_APB2PeriphClockCmd) for RCC_APB2PeriphClockCmd
    main.o(i.USART_init) refers to stm32f10x_gpio.o(i.GPIO_Init) for GPIO_Init
    main.o(i.USART_init) refers to misc.o(i.NVIC_Init) for NVIC_Init
    main.o(i.USART_init) refers to stm32f10x_usart.o(i.USART_Init) for USART_Init
    main.o(i.USART_init) refers to stm32f10x_usart.o(i.USART_Cmd) for USART_Cmd
    main.o(i.USART_init) refers to stm32f10x_usart.o(i.USART_ITConfig) for USART_ITConfig
    main.o(i.USART_init) refers to main.o(.data) for GPIO_InitStructure
    main.o(i.USART_init) refers to main.o(.bss) for USART_InitStructure
    main.o(i.convertNmeaToDec) refers to dfixi.o(.text) for __aeabi_d2iz
    main.o(i.convertNmeaToDec) refers to dflti.o(.text) for __aeabi_i2d
    main.o(i.convertNmeaToDec) refers to dadd.o(.text) for __aeabi_drsub
    main.o(i.convertNmeaToDec) refers to ddiv.o(.text) for __aeabi_ddiv
    main.o(i.convertNmeaToDec) refers to d2f.o(.text) for __aeabi_d2f
    main.o(i.coordinatesToMeters) refers to f2d.o(.text) for __aeabi_f2d
    main.o(i.coordinatesToMeters) refers to dmul.o(.text) for __aeabi_dmul
    main.o(i.coordinatesToMeters) refers to ddiv.o(.text) for __aeabi_ddiv
    main.o(i.coordinatesToMeters) refers to dadd.o(.text) for __aeabi_dsub
    main.o(i.coordinatesToMeters) refers to d2f.o(.text) for __aeabi_d2f
    main.o(i.coordinatesToMeters) refers to fdiv.o(.text) for __aeabi_fdiv
    main.o(i.coordinatesToMeters) refers to sin.o(i.sin) for sin
    main.o(i.coordinatesToMeters) refers to cos.o(i.cos) for cos
    main.o(i.coordinatesToMeters) refers to fadd.o(.text) for __aeabi_fsub
    main.o(i.coordinatesToMeters) refers to sqrt.o(i.sqrt) for sqrt
[...]
    Removing stm32f10x_gpio.o(i.GPIO_ReadInputDataBit), (18 bytes).
    Removing stm32f10x_gpio.o(i.GPIO_ReadOutputData), (8 bytes).
    Removing stm32f10x_gpio.o(i.GPIO_ReadOutputDataBit), (18 bytes).
    Removing stm32f10x_gpio.o(i.GPIO_StructInit), (16 bytes).
    Removing stm32f10x_gpio.o(i.GPIO_Write), (4 bytes).
    Removing stm32f10x_gpio.o(i.GPIO_WriteBit), (10 bytes).
    Removing stm32f10x_i2c.o(i.I2C_ARPCmd), (24 bytes).
    Removing stm32f10x_i2c.o(i.I2C_AcknowledgeConfig), (24 bytes).
    Removing stm32f10x_i2c.o(i.I2C_CalculatePEC), (24 bytes).
    Removing stm32f10x_i2c.o(i.I2C_ClearFlag), (12 bytes).
    Removing stm32f10x_i2c.o(i.I2C_ClearITPendingBit), (12 bytes).
    Removing stm32f10x_i2c.o(i.I2C_DMACmd), (24 bytes).
    Removing stm32f10x_i2c.o(i.I2C_DMALastTransferCmd), (24 bytes).
    Removing stm32f10x_i2c.o(i.I2C_DeInit), (56 bytes).
    Removing stm32f10x_i2c.o(i.I2C_DualAddressCmd), (24 bytes).
    Removing stm32f10x_i2c.o(i.I2C_FastModeDutyCycleConfig), (28 bytes).
    Removing stm32f10x_i2c.o(i.I2C_GeneralCallCmd), (24 bytes).
    Removing stm32f10x_i2c.o(i.I2C_GetITStatus), (38 bytes).
    Removing stm32f10x_i2c.o(i.I2C_GetLastEvent), (26 bytes).
    Removing stm32f10x_i2c.o(i.I2C_GetPEC), (8 bytes).
    Removing stm32f10x_i2c.o(i.I2C_ITConfig), (18 bytes).
    Removing stm32f10x_i2c.o(i.I2C_NACKPositionConfig), (28 bytes).
    Removing stm32f10x_i2c.o(i.I2C_OwnAddress2Config), (22 bytes).
    Removing stm32f10x_i2c.o(i.I2C_PECPositionConfig), (28 bytes).
    Removing stm32f10x_i2c.o(i.I2C_ReadRegister), (22 bytes).
    Removing stm32f10x_i2c.o(i.I2C_ReceiveData), (8 bytes).
    Removing stm32f10x_i2c.o(i.I2C_SMBusAlertConfig), (28 bytes).
    Removing stm32f10x_i2c.o(i.I2C_SoftwareResetCmd), (22 bytes).
    Removing stm32f10x_i2c.o(i.I2C_StretchClockCmd), (24 bytes).
    Removing stm32f10x_i2c.o(i.I2C_StructInit), (30 bytes).
    Removing stm32f10x_i2c.o(i.I2C_TransmitPEC), (24 bytes).
    Removing stm32f10x_iwdg.o(i.IWDG_Enable), (16 bytes).
    Removing stm32f10x_iwdg.o(i.IWDG_GetFlagStatus), (24 bytes).
    Removing stm32f10x_iwdg.o(i.IWDG_ReloadCounter), (16 bytes).
    Removing stm32f10x_iwdg.o(i.IWDG_SetPrescaler), (12 bytes).
    Removing stm32f10x_iwdg.o(i.IWDG_SetReload), (12 bytes).
    Removing stm32f10x_iwdg.o(i.IWDG_WriteAccessCmd), (12 bytes).
    Removing stm32f10x_pwr.o(i.PWR_BackupAccessCmd), (12 bytes).
    Removing stm32f10x_pwr.o(i.PWR_ClearFlag), (20 bytes).
    Removing stm32f10x_pwr.o(i.PWR_DeInit), (22 bytes).
    Removing stm32f10x_pwr.o(i.PWR_EnterSTANDBYMode), (52 bytes).
    Removing stm32f10x_pwr.o(i.PWR_EnterSTOPMode), (64 bytes).
    Removing stm32f10x_pwr.o(i.PWR_GetFlagStatus), (24 bytes).
    Removing stm32f10x_pwr.o(i.PWR_PVDCmd), (12 bytes).
    Removing stm32f10x_pwr.o(i.PWR_PVDLevelConfig), (24 bytes).
    Removing stm32f10x_pwr.o(i.PWR_WakeUpPinCmd), (12 bytes).
    Removing stm32f10x_rcc.o(i.RCC_ADCCLKConfig), (24 bytes).
    Removing stm32f10x_rcc.o(i.RCC_AHBPeriphClockCmd), (32 bytes).
    Removing stm32f10x_rcc.o(i.RCC_AdjustHSICalibrationValue), (24 bytes).
    Removing stm32f10x_rcc.o(i.RCC_BackupResetCmd), (12 bytes).
    Removing stm32f10x_rcc.o(i.RCC_ClearFlag), (20 bytes).
    Removing stm32f10x_rcc.o(i.RCC_ClearITPendingBit), (12 bytes).
    Removing stm32f10x_rcc.o(i.RCC_ClockSecuritySystemCmd), (12 bytes).
    Removing stm32f10x_rcc.o(i.RCC_DeInit), (76 bytes).
    Removing stm32f10x_rcc.o(i.RCC_GetFlagStatus), (60 bytes).
    Removing stm32f10x_rcc.o(i.RCC_GetITStatus), (24 bytes).
    Removing stm32f10x_rcc.o(i.RCC_GetSYSCLKSource), (16 bytes).
    Removing stm32f10x_rcc.o(i.RCC_HCLKConfig), (24 bytes).
    Removing stm32f10x_rcc.o(i.RCC_HSEConfig), (76 bytes).
    Removing stm32f10x_rcc.o(i.RCC_HSICmd), (12 bytes).
    Removing stm32f10x_rcc.o(i.RCC_ITConfig), (32 bytes).
    Removing stm32f10x_rcc.o(i.RCC_LSEConfig), (52 bytes).
    Removing stm32f10x_rcc.o(i.RCC_LSICmd), (12 bytes).
    Removing stm32f10x_rcc.o(i.RCC_MCOConfig), (12 bytes).
    Removing stm32f10x_rcc.o(i.RCC_PCLK1Config), (24 bytes).
    Removing stm32f10x_rcc.o(i.RCC_PCLK2Config), (24 bytes).
    Removing stm32f10x_rcc.o(i.RCC_PLLCmd), (12 bytes).
    Removing stm32f10x_rcc.o(i.RCC_PLLConfig), (28 bytes).
    Removing stm32f10x_rcc.o(i.RCC_RTCCLKCmd), (12 bytes).
    Removing stm32f10x_rcc.o(i.RCC_RTCCLKConfig), (16 bytes).
    Removing stm32f10x_rcc.o(i.RCC_SYSCLKConfig), (24 bytes).
    Removing stm32f10x_rcc.o(i.RCC_USBCLKConfig), (12 bytes).
    Removing stm32f10x_rcc.o(i.RCC_WaitForHSEStartUp), (56 bytes).
    Removing stm32f10x_rtc.o(i.RTC_ClearFlag), (16 bytes).
    Removing stm32f10x_rtc.o(i.RTC_ClearITPendingBit), (16 bytes).
    Removing stm32f10x_rtc.o(i.RTC_EnterConfigMode), (20 bytes).
    Removing stm32f10x_rtc.o(i.RTC_ExitConfigMode), (20 bytes).
    Removing stm32f10x_rtc.o(i.RTC_GetCounter), (20 bytes).
    Removing stm32f10x_rtc.o(i.RTC_GetDivider), (24 bytes).
    Removing stm32f10x_rtc.o(i.RTC_GetFlagStatus), (24 bytes).
    Removing stm32f10x_rtc.o(i.RTC_GetITStatus), (36 bytes).
    Removing stm32f10x_rtc.o(i.RTC_ITConfig), (32 bytes).
    Removing stm32f10x_rtc.o(i.RTC_SetAlarm), (28 bytes).
    Removing stm32f10x_rtc.o(i.RTC_SetCounter), (28 bytes).
    Removing stm32f10x_rtc.o(i.RTC_SetPrescaler), (32 bytes).
    Removing stm32f10x_rtc.o(i.RTC_WaitForLastTask), (20 bytes).
    Removing stm32f10x_rtc.o(i.RTC_WaitForSynchro), (36 bytes).
    Removing stm32f10x_sdio.o(i.SDIO_CEATAITCmd), (16 bytes).
    Removing stm32f10x_sdio.o(i.SDIO_ClearFlag), (12 bytes).
    Removing stm32f10x_sdio.o(i.SDIO_ClearITPendingBit), (12 bytes).
    Removing stm32f10x_sdio.o(i.SDIO_ClockCmd), (12 bytes).
    Removing stm32f10x_sdio.o(i.SDIO_CmdStructInit), (14 bytes).
    Removing stm32f10x_sdio.o(i.SDIO_CommandCompletionCmd), (12 bytes).
    Removing stm32f10x_sdio.o(i.SDIO_DMACmd), (12 bytes).
    Removing stm32f10x_sdio.o(i.SDIO_DataConfig), (48 bytes).
    Removing stm32f10x_sdio.o(i.SDIO_DataStructInit), (20 bytes).
    Removing stm32f10x_sdio.o(i.SDIO_DeInit), (36 bytes).
    Removing stm32f10x_sdio.o(i.SDIO_GetCommandResponse), (12 bytes).
    Removing stm32f10x_sdio.o(i.SDIO_GetDataCounter), (12 bytes).
    Removing stm32f10x_sdio.o(i.SDIO_GetFIFOCount), (12 bytes).
    Removing stm32f10x_sdio.o(i.SDIO_GetFlagStatus), (24 bytes).
    Removing stm32f10x_sdio.o(i.SDIO_GetITStatus), (24 bytes).
    Removing stm32f10x_sdio.o(i.SDIO_GetPowerState), (16 bytes).
    Removing stm32f10x_sdio.o(i.SDIO_GetResponse), (24 bytes).
    Removing stm32f10x_sdio.o(i.SDIO_ITConfig), (32 bytes).
    Removing stm32f10x_sdio.o(i.SDIO_Init), (48 bytes).
    Removing stm32f10x_sdio.o(i.SDIO_ReadData), (12 bytes).
    Removing stm32f10x_sdio.o(i.SDIO_SendCEATACmd), (12 bytes).
    Removing stm32f10x_sdio.o(i.SDIO_SendCommand), (44 bytes).
    Removing stm32f10x_sdio.o(i.SDIO_SendSDIOSuspendCmd), (12 bytes).
    Removing stm32f10x_sdio.o(i.SDIO_SetPowerState), (28 bytes).
    Removing stm32f10x_sdio.o(i.SDIO_SetSDIOOperation), (12 bytes).
    Removing stm32f10x_sdio.o(i.SDIO_SetSDIOReadWaitMode), (12 bytes).
    Removing stm32f10x_sdio.o(i.SDIO_StartSDIOReadWait), (12 bytes).
    Removing stm32f10x_sdio.o(i.SDIO_StopSDIOReadWait), (12 bytes).
    Removing stm32f10x_sdio.o(i.SDIO_StructInit), (16 bytes).
    Removing stm32f10x_sdio.o(i.SDIO_WriteData), (12 bytes).
    Removing stm32f10x_spi.o(i.I2S_Cmd), (24 bytes).
    Removing stm32f10x_spi.o(i.I2S_Init), (232 bytes).
    Removing stm32f10x_spi.o(i.I2S_StructInit), (20 bytes).
    Removing stm32f10x_spi.o(i.SPI_BiDirectionalLineConfig), (28 bytes).
    Removing stm32f10x_spi.o(i.SPI_CalculateCRC), (24 bytes).
    Removing stm32f10x_spi.o(i.SPI_Cmd), (24 bytes).
    Removing stm32f10x_spi.o(i.SPI_DataSizeConfig), (18 bytes).
    Removing stm32f10x_spi.o(i.SPI_GetCRC), (16 bytes).
    Removing stm32f10x_spi.o(i.SPI_GetCRCPolynomial), (6 bytes).
    Removing stm32f10x_spi.o(i.SPI_I2S_ClearFlag), (6 bytes).
    Removing stm32f10x_spi.o(i.SPI_I2S_ClearITPendingBit), (20 bytes).
    Removing stm32f10x_spi.o(i.SPI_I2S_DMACmd), (18 bytes).
    Removing stm32f10x_spi.o(i.SPI_I2S_DeInit), (88 bytes).
    Removing stm32f10x_spi.o(i.SPI_I2S_GetFlagStatus), (18 bytes).
    Removing stm32f10x_spi.o(i.SPI_I2S_GetITStatus), (52 bytes).
    Removing stm32f10x_spi.o(i.SPI_I2S_ITConfig), (32 bytes).
    Removing stm32f10x_spi.o(i.SPI_I2S_ReceiveData), (6 bytes).
    Removing stm32f10x_spi.o(i.SPI_I2S_SendData), (4 bytes).
    Removing stm32f10x_spi.o(i.SPI_Init), (60 bytes).
    Removing stm32f10x_spi.o(i.SPI_NSSInternalSoftwareConfig), (30 bytes).
    Removing stm32f10x_spi.o(i.SPI_SSOutputCmd), (24 bytes).
    Removing stm32f10x_spi.o(i.SPI_StructInit), (24 bytes).
    Removing stm32f10x_spi.o(i.SPI_TransmitCRC), (10 bytes).
    Removing stm32f10x_tim.o(i.TI1_Config), (128 bytes).
    Removing stm32f10x_tim.o(i.TI2_Config), (152 bytes).
    Removing stm32f10x_tim.o(i.TI3_Config), (144 bytes).
    Removing stm32f10x_tim.o(i.TI4_Config), (152 bytes).
    Removing stm32f10x_tim.o(i.TIM_ARRPreloadConfig), (24 bytes).
    Removing stm32f10x_tim.o(i.TIM_BDTRConfig), (32 bytes).
    Removing stm32f10x_tim.o(i.TIM_BDTRStructInit), (18 bytes).
    Removing stm32f10x_tim.o(i.TIM_CCPreloadControl), (24 bytes).
    Removing stm32f10x_tim.o(i.TIM_CCxCmd), (30 bytes).
    Removing stm32f10x_tim.o(i.TIM_CCxNCmd), (30 bytes).
    Removing stm32f10x_tim.o(i.TIM_ClearFlag), (6 bytes).
    Removing stm32f10x_tim.o(i.TIM_ClearITPendingBit), (6 bytes).
    Removing stm32f10x_tim.o(i.TIM_ClearOC1Ref), (18 bytes).
    Removing stm32f10x_tim.o(i.TIM_ClearOC2Ref), (24 bytes).
    Removing stm32f10x_tim.o(i.TIM_ClearOC3Ref), (18 bytes).
    Removing stm32f10x_tim.o(i.TIM_ClearOC4Ref), (24 bytes).
    Removing stm32f10x_tim.o(i.TIM_Cmd), (24 bytes).
    Removing stm32f10x_tim.o(i.TIM_CounterModeConfig), (18 bytes).
    Removing stm32f10x_tim.o(i.TIM_CtrlPWMOutputs), (30 bytes).
    Removing stm32f10x_tim.o(i.TIM_DMACmd), (18 bytes).
    Removing stm32f10x_tim.o(i.TIM_DMAConfig), (10 bytes).
    Removing stm32f10x_tim.o(i.TIM_DeInit), (488 bytes).
    Removing stm32f10x_tim.o(i.TIM_ETRClockMode1Config), (54 bytes).
    Removing stm32f10x_tim.o(i.TIM_ETRClockMode2Config), (32 bytes).
    Removing stm32f10x_tim.o(i.TIM_ETRConfig), (28 bytes).
    Removing stm32f10x_tim.o(i.TIM_EncoderInterfaceConfig), (66 bytes).
    Removing stm32f10x_tim.o(i.TIM_ForcedOC1Config), (18 bytes).
    Removing stm32f10x_tim.o(i.TIM_ForcedOC2Config), (26 bytes).
    Removing stm32f10x_tim.o(i.TIM_ForcedOC3Config), (18 bytes).
    Removing stm32f10x_tim.o(i.TIM_ForcedOC4Config), (26 bytes).
    Removing stm32f10x_tim.o(i.TIM_GenerateEvent), (4 bytes).
    Removing stm32f10x_tim.o(i.TIM_GetCapture1), (6 bytes).
    Removing stm32f10x_tim.o(i.TIM_GetCapture2), (6 bytes).
    Removing stm32f10x_tim.o(i.TIM_GetCapture3), (6 bytes).
    Removing stm32f10x_tim.o(i.TIM_GetCapture4), (8 bytes).
    Removing stm32f10x_tim.o(i.TIM_GetCounter), (6 bytes).
    Removing stm32f10x_tim.o(i.TIM_GetFlagStatus), (18 bytes).
    Removing stm32f10x_tim.o(i.TIM_GetITStatus), (34 bytes).
    Removing stm32f10x_tim.o(i.TIM_GetPrescaler), (6 bytes).
    Removing stm32f10x_tim.o(i.TIM_ICInit), (172 bytes).
    Removing stm32f10x_tim.o(i.TIM_ICStructInit), (18 bytes).
    Removing stm32f10x_tim.o(i.TIM_ITConfig), (18 bytes).
    Removing stm32f10x_tim.o(i.TIM_ITRxExternalClockConfig), (24 bytes).
    Removing stm32f10x_tim.o(i.TIM_InternalClockConfig), (12 bytes).
    Removing stm32f10x_tim.o(i.TIM_OC1FastConfig), (18 bytes).
    Removing stm32f10x_tim.o(i.TIM_OC1Init), (152 bytes).
    Removing stm32f10x_tim.o(i.TIM_OC1NPolarityConfig), (18 bytes).
    Removing stm32f10x_tim.o(i.TIM_OC1PolarityConfig), (18 bytes).
    Removing stm32f10x_tim.o(i.TIM_OC1PreloadConfig), (18 bytes).
    Removing stm32f10x_tim.o(i.TIM_OC2FastConfig), (26 bytes).
    Removing stm32f10x_tim.o(i.TIM_OC2Init), (164 bytes).
    Removing stm32f10x_tim.o(i.TIM_OC2NPolarityConfig), (26 bytes).
    Removing stm32f10x_tim.o(i.TIM_OC2PolarityConfig), (26 bytes).
    Removing stm32f10x_tim.o(i.TIM_OC2PreloadConfig), (26 bytes).
    Removing stm32f10x_tim.o(i.TIM_OC3FastConfig), (18 bytes).
    Removing stm32f10x_tim.o(i.TIM_OC3Init), (160 bytes).
    Removing stm32f10x_tim.o(i.TIM_OC3NPolarityConfig), (26 bytes).
    Removing stm32f10x_tim.o(i.TIM_OC3PolarityConfig), (26 bytes).
    Removing stm32f10x_tim.o(i.TIM_OC3PreloadConfig), (18 bytes).
    Removing stm32f10x_tim.o(i.TIM_OC4FastConfig), (26 bytes).
    Removing stm32f10x_tim.o(i.TIM_OC4Init), (124 bytes).
    Removing stm32f10x_tim.o(i.TIM_OC4PolarityConfig), (26 bytes).
    Removing stm32f10x_tim.o(i.TIM_OC4PreloadConfig), (26 bytes).
    Removing stm32f10x_tim.o(i.TIM_OCStructInit), (20 bytes).
    Removing stm32f10x_tim.o(i.TIM_PWMIConfig), (124 bytes).
    Removing stm32f10x_tim.o(i.TIM_PrescalerConfig), (6 bytes).
    Removing stm32f10x_tim.o(i.TIM_SelectCCDMA), (24 bytes).
    Removing stm32f10x_tim.o(i.TIM_SelectCOM), (24 bytes).
    Removing stm32f10x_tim.o(i.TIM_SelectHallSensor), (24 bytes).
    Removing stm32f10x_tim.o(i.TIM_SelectInputTrigger), (18 bytes).
    Removing stm32f10x_tim.o(i.TIM_SelectMasterSlaveMode), (18 bytes).
    Removing stm32f10x_tim.o(i.TIM_SelectOCxM), (82 bytes).
    Removing stm32f10x_tim.o(i.TIM_SelectOnePulseMode), (18 bytes).
    Removing stm32f10x_tim.o(i.TIM_SelectOutputTrigger), (18 bytes).
    Removing stm32f10x_tim.o(i.TIM_SelectSlaveMode), (18 bytes).
    Removing stm32f10x_tim.o(i.TIM_SetAutoreload), (4 bytes).
    Removing stm32f10x_tim.o(i.TIM_SetClockDivision), (18 bytes).
    Removing stm32f10x_tim.o(i.TIM_SetCompare1), (4 bytes).
    Removing stm32f10x_tim.o(i.TIM_SetCompare2), (4 bytes).
    Removing stm32f10x_tim.o(i.TIM_SetCompare3), (4 bytes).
    Removing stm32f10x_tim.o(i.TIM_SetCompare4), (6 bytes).
    Removing stm32f10x_tim.o(i.TIM_SetCounter), (4 bytes).
    Removing stm32f10x_tim.o(i.TIM_SetIC1Prescaler), (18 bytes).
    Removing stm32f10x_tim.o(i.TIM_SetIC2Prescaler), (26 bytes).
    Removing stm32f10x_tim.o(i.TIM_SetIC3Prescaler), (18 bytes).
    Removing stm32f10x_tim.o(i.TIM_SetIC4Prescaler), (26 bytes).
    Removing stm32f10x_tim.o(i.TIM_TIxExternalClockConfig), (62 bytes).
    Removing stm32f10x_tim.o(i.TIM_TimeBaseInit), (164 bytes).
    Removing stm32f10x_tim.o(i.TIM_TimeBaseStructInit), (18 bytes).
    Removing stm32f10x_tim.o(i.TIM_UpdateDisableConfig), (24 bytes).
    Removing stm32f10x_tim.o(i.TIM_UpdateRequestConfig), (24 bytes).
    Removing stm32f10x_usart.o(i.USART_ClearFlag), (18 bytes).
    Removing stm32f10x_usart.o(i.USART_ClockInit), (34 bytes).
    Removing stm32f10x_usart.o(i.USART_ClockStructInit), (12 bytes).
    Removing stm32f10x_usart.o(i.USART_DMACmd), (18 bytes).
    Removing stm32f10x_usart.o(i.USART_HalfDuplexCmd), (24 bytes).
    Removing stm32f10x_usart.o(i.USART_IrDACmd), (24 bytes).
    Removing stm32f10x_usart.o(i.USART_IrDAConfig), (18 bytes).
    Removing stm32f10x_usart.o(i.USART_LINBreakDetectLengthConfig), (18 bytes).
    Removing stm32f10x_usart.o(i.USART_LINCmd), (24 bytes).
    Removing stm32f10x_usart.o(i.USART_OneBitMethodCmd), (24 bytes).
    Removing stm32f10x_usart.o(i.USART_OverSampling8Cmd), (22 bytes).
    Removing stm32f10x_usart.o(i.USART_ReceiverWakeUpCmd), (24 bytes).
    Removing stm32f10x_usart.o(i.USART_SendBreak), (10 bytes).
    Removing stm32f10x_usart.o(i.USART_SetAddress), (18 bytes).
    Removing stm32f10x_usart.o(i.USART_SetGuardTime), (16 bytes).
    Removing stm32f10x_usart.o(i.USART_SetPrescaler), (16 bytes).
    Removing stm32f10x_usart.o(i.USART_SmartCardCmd), (24 bytes).
    Removing stm32f10x_usart.o(i.USART_SmartCardNACKCmd), (24 bytes).
    Removing stm32f10x_usart.o(i.USART_StructInit), (24 bytes).
    Removing stm32f10x_usart.o(i.USART_WakeUpConfig), (18 bytes).
    Removing stm32f10x_wwdg.o(i.WWDG_ClearFlag), (12 bytes).
    Removing stm32f10x_wwdg.o(i.WWDG_DeInit), (22 bytes).
    Removing stm32f10x_wwdg.o(i.WWDG_Enable), (16 bytes).
    Removing stm32f10x_wwdg.o(i.WWDG_EnableIT), (12 bytes).
    Removing stm32f10x_wwdg.o(i.WWDG_GetFlagStatus), (12 bytes).
    Removing stm32f10x_wwdg.o(i.WWDG_SetCounter), (16 bytes).
    Removing stm32f10x_wwdg.o(i.WWDG_SetPrescaler), (24 bytes).
    Removing stm32f10x_wwdg.o(i.WWDG_SetWindowValue), (40 bytes).
    Removing core_cm3.o(.emb_text), (32 bytes).
    Removing system_stm32f10x.o(i.SystemCoreClockUpdate), (164 bytes).
    Removing system_stm32f10x.o(.data), (20 bytes).
    Removing cdcmple.o(.text), (48 bytes).

474 unused section(s) (total 18050 bytes) removed from the image.

==============================================================================

Image Symbol Table

    Local Symbols

    Symbol Name                              Value     Ov Type        Size  Object(Section)

    ../clib/../cmprslib/zerorunl2.c          0x00000000   Number         0  __dczerorl2.o ABSOLUTE
    ../clib/microlib/ctype/ctype.c           0x00000000   Number         0  isblank_o.o ABSOLUTE
    ../clib/microlib/ctype/ctype.c           0x00000000   Number         0  isprint_o.o ABSOLUTE
    ../clib/microlib/ctype/ctype.c           0x00000000   Number         0  isxdigit_o.o ABSOLUTE
    ../clib/microlib/ctype/ctype.c           0x00000000   Number         0  islower_o.o ABSOLUTE
    ../clib/microlib/ctype/ctype.c           0x00000000   Number         0  isgraph_o.o ABSOLUTE
    ../clib/microlib/ctype/ctype.c           0x00000000   Number         0  isdigit_o.o ABSOLUTE
    ../clib/microlib/ctype/ctype.c           0x00000000   Number         0  iscntrl_o.o ABSOLUTE
    ../clib/microlib/ctype/ctype.c           0x00000000   Number         0  ispunct_o.o ABSOLUTE
    ../clib/microlib/ctype/ctype.c           0x00000000   Number         0  isalpha_o.o ABSOLUTE
    ../clib/microlib/ctype/ctype.c           0x00000000   Number         0  isalnum_o.o ABSOLUTE
    ../clib/microlib/ctype/ctype.c           0x00000000   Number         0  ctype_c.o ABSOLUTE
    ../clib/microlib/ctype/ctype.c           0x00000000   Number         0  ctype_o.o ABSOLUTE
    ../clib/microlib/ctype/ctype.c           0x00000000   Number         0  isspace_c.o ABSOLUTE
    ../clib/microlib/ctype/ctype.c           0x00000000   Number         0  isspace_o.o ABSOLUTE
    ../clib/microlib/ctype/ctype.c           0x00000000   Number         0  isupper_o.o ABSOLUTE
    ../clib/microlib/errno.c                 0x00000000   Number         0  errno.o ABSOLUTE
    ../clib/microlib/init/entry.s            0x00000000   Number         0  entry9b.o ABSOLUTE
    ../clib/microlib/init/entry.s            0x00000000   Number         0  entry9a.o ABSOLUTE
    ../clib/microlib/init/entry.s            0x00000000   Number         0  entry7b.o ABSOLUTE
    ../clib/microlib/init/entry.s            0x00000000   Number         0  entry8b.o ABSOLUTE
    ../clib/microlib/init/entry.s            0x00000000   Number         0  entry8a.o ABSOLUTE
    ../clib/microlib/init/entry.s            0x00000000   Number         0  entry2.o ABSOLUTE
    ../clib/microlib/init/entry.s            0x00000000   Number         0  entry10a.o ABSOLUTE
    ../clib/microlib/init/entry.s            0x00000000   Number         0  entry7a.o ABSOLUTE
    ../clib/microlib/init/entry.s            0x00000000   Number         0  entry11b.o ABSOLUTE
    ../clib/microlib/init/entry.s            0x00000000   Number         0  entry5.o ABSOLUTE
    ../clib/microlib/init/entry.s            0x00000000   Number         0  entry11a.o ABSOLUTE
    ../clib/microlib/init/entry.s            0x00000000   Number         0  entry10b.o ABSOLUTE
    ../clib/microlib/init/entry.s            0x00000000   Number         0  entry.o ABSOLUTE
    ../clib/microlib/longlong.c              0x00000000   Number         0  llushr.o ABSOLUTE
    ../clib/microlib/longlong.c              0x00000000   Number         0  llshl.o ABSOLUTE
    ../clib/microlib/longlong.c              0x00000000   Number         0  llsshr.o ABSOLUTE
    ../clib/microlib/malloc/malloc.c         0x00000000   Number         0  mallocr.o ABSOLUTE
    ../clib/microlib/malloc/malloc.c         0x00000000   Number         0  malloca.o ABSOLUTE
    ../clib/microlib/malloc/malloc.c         0x00000000   Number         0  mallocra.o ABSOLUTE
    ../clib/microlib/malloc/malloc.c         0x00000000   Number         0  malloc.o ABSOLUTE
    ../clib/microlib/malloc/mvars.c          0x00000000   Number         0  mvars.o ABSOLUTE
    ../clib/microlib/string/memcpy.c         0x00000000   Number         0  memcpya.o ABSOLUTE
    ../clib/microlib/string/memcpy.c         0x00000000   Number         0  memcpyb.o ABSOLUTE
    ../clib/microlib/string/strcpy.c         0x00000000   Number         0  strcpy.o ABSOLUTE
    ../clib/microlib/string/strstr.c         0x00000000   Number         0  strstr.o ABSOLUTE
    ../clib/microlib/string/strtok.c         0x00000000   Number         0  strtok_r.o ABSOLUTE
    ../clib/microlib/string/strtok.c         0x00000000   Number         0  strtok.o ABSOLUTE
    ../clib/microlib/stubs.s                 0x00000000   Number         0  iusefp.o ABSOLUTE
    ../clib/scanf.c                          0x00000000   Number         0  _strtoul.o ABSOLUTE
    ../clib/scanf.c                          0x00000000   Number         0  _sgetc.o ABSOLUTE
    ../clib/scanf.c                          0x00000000   Number         0  scanf_fp.o ABSOLUTE
    ../clib/scanf.c                          0x00000000   Number         0  strtol.o ABSOLUTE
    ../clib/scanf.c                          0x00000000   Number         0  atoi.o ABSOLUTE
    ../clib/scanf.c                          0x00000000   Number         0  strtod.o ABSOLUTE
    ../clib/scanf.c                          0x00000000   Number         0  _chval.o ABSOLUTE
    ../fplib/microlib/d2f.c                  0x00000000   Number         0  d2f.o ABSOLUTE
    ../fplib/microlib/f2d.c                  0x00000000   Number         0  f2d.o ABSOLUTE
    ../fplib/microlib/fpadd.c                0x00000000   Number         0  dadd.o ABSOLUTE
    ../fplib/microlib/fpadd.c                0x00000000   Number         0  fadd.o ABSOLUTE
    ../fplib/microlib/fpdiv.c                0x00000000   Number         0  fdiv.o ABSOLUTE
    ../fplib/microlib/fpdiv.c                0x00000000   Number         0  ddiv.o ABSOLUTE
    ../fplib/microlib/fpepilogue.c           0x00000000   Number         0  depilogue.o ABSOLUTE
    ../fplib/microlib/fpepilogue.c           0x00000000   Number         0  fepilogue.o ABSOLUTE
    ../fplib/microlib/fpfix.c                0x00000000   Number         0  dfixi.o ABSOLUTE
    ../fplib/microlib/fpflt.c                0x00000000   Number         0  dfltui.o ABSOLUTE
    ../fplib/microlib/fpflt.c                0x00000000   Number         0  dflti.o ABSOLUTE
    ../fplib/microlib/fpflt.c                0x00000000   Number         0  dfltul.o ABSOLUTE
    ../fplib/microlib/fpmul.c                0x00000000   Number         0  dmul.o ABSOLUTE
    ../fplib/microlib/fpmul.c                0x00000000   Number         0  fmul.o ABSOLUTE
    ../fplib/microlib/fpscalb.c              0x00000000   Number         0  dscalb.o ABSOLUTE
    ../fplib/microlib/fpsqrt.c               0x00000000   Number         0  dsqrt.o ABSOLUTE
    ../mathlib/atan.c                        0x00000000   Number         0  atan_x.o ABSOLUTE
    ../mathlib/atan.c                        0x00000000   Number         0  atan.o ABSOLUTE
    ../mathlib/atan2.c                       0x00000000   Number         0  atan2.o ABSOLUTE
    ../mathlib/atan2.c                       0x00000000   Number         0  atan2_x.o ABSOLUTE
    ../mathlib/atof.c                        0x00000000   Number         0  atof.o ABSOLUTE
    ../mathlib/cos.c                         0x00000000   Number         0  cos.o ABSOLUTE
    ../mathlib/cos.c                         0x00000000   Number         0  cos_x.o ABSOLUTE
    ../mathlib/cos_i.c                       0x00000000   Number         0  cos_i.o ABSOLUTE
    ../mathlib/dunder.c                      0x00000000   Number         0  dunder.o ABSOLUTE
    ../mathlib/fpclassify.c                  0x00000000   Number         0  fpclassify.o ABSOLUTE
    ../mathlib/poly.c                        0x00000000   Number         0  poly.o ABSOLUTE
    ../mathlib/qnan.c                        0x00000000   Number         0  qnan.o ABSOLUTE
    ../mathlib/rred.c                        0x00000000   Number         0  rred.o ABSOLUTE
    ../mathlib/sin.c                         0x00000000   Number         0  sin.o ABSOLUTE
    ../mathlib/sin.c                         0x00000000   Number         0  sin_x.o ABSOLUTE
    ../mathlib/sin_i.c                       0x00000000   Number         0  sin_i_x.o ABSOLUTE
    ../mathlib/sin_i.c                       0x00000000   Number         0  sin_i.o ABSOLUTE
    ../mathlib/sqrt.c                        0x00000000   Number         0  sqrt_x.o ABSOLUTE
    ../mathlib/sqrt.c                        0x00000000   Number         0  sqrt.o ABSOLUTE
    ..\\library\\CMSIS\\CM3\\CoreSupport\\core_cm3.c 0x00000000   Number         0  core_cm3.o ABSOLUTE
    ..\library\CMSIS\CM3\CoreSupport\core_cm3.c 0x00000000   Number         0  core_cm3.o ABSOLUTE
    ..\library\CMSIS\CM3\DeviceSupport\ST\STM32F10x\startup\arm\startup_stm32f10x_md.s 0x00000000   Number         0  startup_stm32f10x_md.o ABSOLUTE
    ..\library\CMSIS\CM3\DeviceSupport\ST\STM32F10x\system_stm32f10x.c 0x00000000   Number         0  system_stm32f10x.o ABSOLUTE
    ..\library\STM32F10x_StdPeriph_Driver\src\misc.c 0x00000000   Number         0  misc.o ABSOLUTE
    ..\library\STM32F10x_StdPeriph_Driver\src\stm32f10x_adc.c 0x00000000   Number         0  stm32f10x_adc.o ABSOLUTE
    ..\library\STM32F10x_StdPeriph_Driver\src\stm32f10x_bkp.c 0x00000000   Number         0  stm32f10x_bkp.o ABSOLUTE
    ..\library\STM32F10x_StdPeriph_Driver\src\stm32f10x_can.c 0x00000000   Number         0  stm32f10x_can.o ABSOLUTE
    ..\library\STM32F10x_StdPeriph_Driver\src\stm32f10x_cec.c 0x00000000   Number         0  stm32f10x_cec.o ABSOLUTE
    ..\library\STM32F10x_StdPeriph_Driver\src\stm32f10x_crc.c 0x00000000   Number         0  stm32f10x_crc.o ABSOLUTE
    ..\library\STM32F10x_StdPeriph_Driver\src\stm32f10x_dac.c 0x00000000   Number         0  stm32f10x_dac.o ABSOLUTE
    ..\library\STM32F10x_StdPeriph_Driver\src\stm32f10x_dbgmcu.c 0x00000000   Number         0  stm32f10x_dbgmcu.o ABSOLUTE
    ..\library\STM32F10x_StdPeriph_Driver\src\stm32f10x_dma.c 0x00000000   Number         0  stm32f10x_dma.o ABSOLUTE
    ..\library\STM32F10x_StdPeriph_Driver\src\stm32f10x_exti.c 0x00000000   Number         0  stm32f10x_exti.o ABSOLUTE
    ..\library\STM32F10x_StdPeriph_Driver\src\stm32f10x_flash.c 0x00000000   Number         0  stm32f10x_flash.o ABSOLUTE
    ..\library\STM32F10x_StdPeriph_Driver\src\stm32f10x_fsmc.c 0x00000000   Number         0  stm32f10x_fsmc.o ABSOLUTE
    ..\library\STM32F10x_StdPeriph_Driver\src\stm32f10x_gpio.c 0x00000000   Number         0  stm32f10x_gpio.o ABSOLUTE
    ..\library\STM32F10x_StdPeriph_Driver\src\stm32f10x_i2c.c 0x00000000   Number         0  stm32f10x_i2c.o ABSOLUTE
    ..\library\STM32F10x_StdPeriph_Driver\src\stm32f10x_iwdg.c 0x00000000   Number         0  stm32f10x_iwdg.o ABSOLUTE
    ..\library\STM32F10x_StdPeriph_Driver\src\stm32f10x_pwr.c 0x00000000   Number         0  stm32f10x_pwr.o ABSOLUTE
    ..\library\STM32F10x_StdPeriph_Driver\src\stm32f10x_rcc.c 0x00000000   Number         0  stm32f10x_rcc.o ABSOLUTE
    ..\library\STM32F10x_StdPeriph_Driver\src\stm32f10x_rtc.c 0x00000000   Number         0  stm32f10x_rtc.o ABSOLUTE
    ..\library\STM32F10x_StdPeriph_Driver\src\stm32f10x_sdio.c 0x00000000   Number         0  stm32f10x_sdio.o ABSOLUTE
    ..\library\STM32F10x_StdPeriph_Driver\src\stm32f10x_spi.c 0x00000000   Number         0  stm32f10x_spi.o ABSOLUTE
    ..\library\STM32F10x_StdPeriph_Driver\src\stm32f10x_tim.c 0x00000000   Number         0  stm32f10x_tim.o ABSOLUTE
    ..\library\STM32F10x_StdPeriph_Driver\src\stm32f10x_usart.c 0x00000000   Number         0  stm32f10x_usart.o ABSOLUTE
    ..\library\STM32F10x_StdPeriph_Driver\src\stm32f10x_wwdg.c 0x00000000   Number         0  stm32f10x_wwdg.o ABSOLUTE
    ..\newlibrary\Src\DirectionData.c        0x00000000   Number         0  directiondata.o ABSOLUTE
    ..\newlibrary\Src\SSD1306.cpp            0x00000000   Number         0  ssd1306.o ABSOLUTE
    ..\newlibrary\Src\UART_Driver.c          0x00000000   Number         0  uart_driver.o ABSOLUTE
    ..\newlibrary\Src\delay.c                0x00000000   Number         0  delay.o ABSOLUTE
    cdcmple.s                                0x00000000   Number         0  cdcmple.o ABSOLUTE
    cfcmple.s                                0x00000000   Number         0  cfcmple.o ABSOLUTE
    cfrcmple.s                               0x00000000   Number         0  cfrcmple.o ABSOLUTE
    dc.s                                     0x00000000   Number         0  dc.o ABSOLUTE
    handlers.s                               0x00000000   Number         0  handlers.o ABSOLUTE
    init.s                                   0x00000000   Number         0  init.o ABSOLUTE
    main.c                                   0x00000000   Number         0  main.o ABSOLUTE
    RESET                                    0x08000000   Section      236  startup_stm32f10x_md.o(RESET)
    .ARM.Collect$$$$00000000                 0x080000ec   Section        0  entry.o(.ARM.Collect$$$$00000000)
    .ARM.Collect$$$$00000001                 0x080000ec   Section        4  entry2.o(.ARM.Collect$$$$00000001)
    .ARM.Collect$$$$00000004                 0x080000f0   Section        4  entry5.o(.ARM.Collect$$$$00000004)
    .ARM.Collect$$$$00000008                 0x080000f4   Section        0  entry7b.o(.ARM.Collect$$$$00000008)
    .ARM.Collect$$$$0000000A                 0x080000f4   Section        0  entry8b.o(.ARM.Collect$$$$0000000A)
    .ARM.Collect$$$$0000000B                 0x080000f4   Section        8  entry9a.o(.ARM.Collect$$$$0000000B)
    .ARM.Collect$$$$0000000D                 0x080000fc   Section        0  entry10a.o(.ARM.Collect$$$$0000000D)
    .ARM.Collect$$$$0000000F                 0x080000fc   Section        0  entry11a.o(.ARM.Collect$$$$0000000F)
    .ARM.Collect$$$$00002712                 0x080000fc   Section        4  entry2.o(.ARM.Collect$$$$00002712)
    __lit__00000000                          0x080000fc   Data           4  entry2.o(.ARM.Collect$$$$00002712)
    .text                                    0x08000100   Section       36  startup_stm32f10x_md.o(.text)
    .text                                    0x08000124   Section        0  strstr.o(.text)
    .text                                    0x08000148   Section        0  strcpy.o(.text)
    .text                                    0x0800015c   Section        0  strtok.o(.text)
    .text                                    0x080001a0   Section        0  atoi.o(.text)
    .text                                    0x080001ba   Section        0  fadd.o(.text)
    .text                                    0x0800026a   Section        0  fmul.o(.text)
    .text                                    0x080002ce   Section        0  fdiv.o(.text)
    .text                                    0x0800034a   Section        0  dadd.o(.text)
    .text                                    0x08000498   Section        0  dmul.o(.text)
    .text                                    0x0800057c   Section        0  ddiv.o(.text)
    .text                                    0x0800065a   Section        0  dflti.o(.text)
    .text                                    0x0800067c   Section        0  dfixi.o(.text)
    .text                                    0x080006ba   Section        0  f2d.o(.text)
    .text                                    0x080006e0   Section        0  d2f.o(.text)
    .text                                    0x08000718   Section       20  cfcmple.o(.text)
    .text                                    0x0800072c   Section       20  cfrcmple.o(.text)
    .text                                    0x08000740   Section        0  llshl.o(.text)
    .text                                    0x0800075e   Section        0  llushr.o(.text)
    .text                                    0x0800077e   Section        0  llsshr.o(.text)
    .text                                    0x080007a4   Section        0  strtod.o(.text)
    _local_sscanf                            0x080007a5   Thumb Code    54  strtod.o(.text)
    .text                                    0x08000840   Section        0  strtol.o(.text)
    .text                                    0x080008b0   Section        0  fepilogue.o(.text)
    .text                                    0x080008b0   Section        0  iusefp.o(.text)
    .text                                    0x0800091e   Section        0  depilogue.o(.text)
    .text                                    0x080009d8   Section        0  dsqrt.o(.text)
    .text                                    0x08000a7c   Section       36  init.o(.text)
    .text                                    0x08000aa0   Section        0  ctype_o.o(.text)
    .text                                    0x08000aa8   Section        0  isspace_o.o(.text)
    .text                                    0x08000abc   Section        0  scanf_fp.o(.text)
    _fp_value                                0x08000abd   Thumb Code   256  scanf_fp.o(.text)
    .text                                    0x08000df4   Section        0  _sgetc.o(.text)
    .text                                    0x08000e34   Section        0  _strtoul.o(.text)
    .text                                    0x08000ed2   Section        0  dscalb.o(.text)
    .text                                    0x08000f00   Section        0  dfltui.o(.text)
    .text                                    0x08000f1a   Section        0  _chval.o(.text)
    .text                                    0x08000f36   Section        0  dfltul.o(.text)
    .text                                    0x08000f4e   Section        0  __dczerorl2.o(.text)
    i.DirectionDataList_Get                  0x08000fa4   Section        0  directiondata.o(i.DirectionDataList_Get)
    i.DirectionDataList_Init                 0x08000fd4   Section        0  directiondata.o(i.DirectionDataList_Init)
    i.DirectionDataList_Put                  0x08000fde   Section        0  directiondata.o(i.DirectionDataList_Put)
    i.GPIO_Init                              0x0800103c   Section        0  stm32f10x_gpio.o(i.GPIO_Init)
    i.GPIO_ResetBits                         0x08001152   Section        0  stm32f10x_gpio.o(i.GPIO_ResetBits)
    i.GPIO_SetBits                           0x08001156   Section        0  stm32f10x_gpio.o(i.GPIO_SetBits)
    i.I2C_CheckEvent                         0x0800115a   Section        0  stm32f10x_i2c.o(i.I2C_CheckEvent)
    i.I2C_Cmd                                0x08001184   Section        0  stm32f10x_i2c.o(i.I2C_Cmd)
    i.I2C_GenerateSTART                      0x0800119c   Section        0  stm32f10x_i2c.o(i.I2C_GenerateSTART)
    i.I2C_GenerateSTOP                       0x080011b4   Section        0  stm32f10x_i2c.o(i.I2C_GenerateSTOP)
    i.I2C_GetFlagStatus                      0x080011cc   Section        0  stm32f10x_i2c.o(i.I2C_GetFlagStatus)
    i.I2C_Init                               0x08001208   Section        0  stm32f10x_i2c.o(i.I2C_Init)
    i.I2C_Send7bitAddress                    0x080012f4   Section        0  stm32f10x_i2c.o(i.I2C_Send7bitAddress)
    i.I2C_SendData                           0x08001306   Section        0  stm32f10x_i2c.o(i.I2C_SendData)
    i.NVIC_Init                              0x0800130c   Section        0  misc.o(i.NVIC_Init)
    i.RCC_APB1PeriphClockCmd                 0x0800137c   Section        0  stm32f10x_rcc.o(i.RCC_APB1PeriphClockCmd)
    i.RCC_APB1PeriphResetCmd                 0x0800139c   Section        0  stm32f10x_rcc.o(i.RCC_APB1PeriphResetCmd)
    i.RCC_APB2PeriphClockCmd                 0x080013bc   Section        0  stm32f10x_rcc.o(i.RCC_APB2PeriphClockCmd)
    i.RCC_APB2PeriphResetCmd                 0x080013dc   Section        0  stm32f10x_rcc.o(i.RCC_APB2PeriphResetCmd)
    i.RCC_GetClocksFreq                      0x080013fc   Section        0  stm32f10x_rcc.o(i.RCC_GetClocksFreq)
    i.SetSysClock                            0x080014d0   Section        0  system_stm32f10x.o(i.SetSysClock)
    SetSysClock                              0x080014d1   Thumb Code     8  system_stm32f10x.o(i.SetSysClock)
    i.SetSysClockTo72                        0x080014d8   Section        0  system_stm32f10x.o(i.SetSysClockTo72)
    SetSysClockTo72                          0x080014d9   Thumb Code   214  system_stm32f10x.o(i.SetSysClockTo72)
    i.SystemInit                             0x080015b8   Section        0  system_stm32f10x.o(i.SystemInit)
    i.UART2_ReceiveMessage                   0x08001618   Section        0  main.o(i.UART2_ReceiveMessage)
    i.UART_Init                              0x08001650   Section        0  uart_driver.o(i.UART_Init)
    i.UART_Send                              0x0800172c   Section        0  uart_driver.o(i.UART_Send)
    i.UART_SendStr                           0x0800174c   Section        0  uart_driver.o(i.UART_SendStr)
    i.USART1_IRQHandler                      0x08001764   Section        0  main.o(i.USART1_IRQHandler)
    i.USART2_IRQHandler                      0x080017ec   Section        0  uart_driver.o(i.USART2_IRQHandler)
    i.USART_ClearITPendingBit                0x0800186c   Section        0  stm32f10x_usart.o(i.USART_ClearITPendingBit)
    i.USART_Cmd                              0x0800188a   Section        0  stm32f10x_usart.o(i.USART_Cmd)
    i.USART_DeInit                           0x080018a4   Section        0  stm32f10x_usart.o(i.USART_DeInit)
    i.USART_GetFlagStatus                    0x08001940   Section        0  stm32f10x_usart.o(i.USART_GetFlagStatus)
    i.USART_GetITStatus                      0x0800195a   Section        0  stm32f10x_usart.o(i.USART_GetITStatus)
    i.USART_ITConfig                         0x080019ae   Section        0  stm32f10x_usart.o(i.USART_ITConfig)
    i.USART_Init                             0x080019f8   Section        0  stm32f10x_usart.o(i.USART_Init)
    i.USART_ReceiveData                      0x08001ad0   Section        0  stm32f10x_usart.o(i.USART_ReceiveData)
    i.USART_SendData                         0x08001ada   Section        0  stm32f10x_usart.o(i.USART_SendData)
    i.USART_init                             0x08001ae4   Section        0  main.o(i.USART_init)
    i.Write_Byte                             0x08001b70   Section        0  ssd1306.o(i.Write_Byte)
    i._Z17setHorizontalModev                 0x08001bfc   Section        0  ssd1306.o(i._Z17setHorizontalModev)
    i.__ARM_fpclassify                       0x08001c0c   Section        0  fpclassify.o(i.__ARM_fpclassify)
    i.__aeabi_errno_addr                     0x08001c34   Section        0  errno.o(i.__aeabi_errno_addr)
    i.__ieee754_rem_pio2                     0x08001c3c   Section        0  rred.o(i.__ieee754_rem_pio2)
    i.__kernel_cos                           0x08001fc4   Section        0  cos_i.o(i.__kernel_cos)
    i.__kernel_poly                          0x080020c0   Section        0  poly.o(i.__kernel_poly)
    i.__kernel_sin                           0x0800216c   Section        0  sin_i.o(i.__kernel_sin)
    i.__mathlib_dbl_infnan                   0x08002258   Section        0  dunder.o(i.__mathlib_dbl_infnan)
    i.__mathlib_dbl_infnan2                  0x0800225e   Section        0  dunder.o(i.__mathlib_dbl_infnan2)
    i.__mathlib_dbl_invalid                  0x08002262   Section        0  dunder.o(i.__mathlib_dbl_invalid)
    i.__mathlib_dbl_underflow                0x08002270   Section        0  dunder.o(i.__mathlib_dbl_underflow)
    i.__read_errno                           0x08002280   Section        0  errno.o(i.__read_errno)
    i.__scatterload_copy                     0x0800228c   Section       14  handlers.o(i.__scatterload_copy)
    i.__scatterload_null                     0x0800229a   Section        2  handlers.o(i.__scatterload_null)
    i.__scatterload_zeroinit                 0x0800229c   Section       14  handlers.o(i.__scatterload_zeroinit)
    i.__set_errno                            0x080022ac   Section        0  errno.o(i.__set_errno)
    i._is_digit                              0x080022b8   Section        0  scanf_fp.o(i._is_digit)
    i.atan                                   0x080022c8   Section        0  atan.o(i.atan)
    i.atan2                                  0x080024e8   Section        0  atan2.o(i.atan2)
    i.atof                                   0x08002668   Section        0  atof.o(i.atof)
    i.clearDisplay                           0x08002692   Section        0  ssd1306.o(i.clearDisplay)
    i.constructor                            0x080026b8   Section        0  ssd1306.o(i.constructor)
    i.convertNmeaToDec                       0x08002718   Section        0  main.o(i.convertNmeaToDec)
    i.coordinatesToMeters                    0x0800277c   Section        0  main.o(i.coordinatesToMeters)
    i.cos                                    0x080029a4   Section        0  cos.o(i.cos)
    i.delay_Init                             0x08002a40   Section        0  delay.o(i.delay_Init)
    i.display                                0x08002a54   Section        0  ssd1306.o(i.display)
    i.drawBitmap                             0x08002b14   Section        0  ssd1306.o(i.drawBitmap)
    i.drawPixel                              0x08002b78   Section        0  ssd1306.o(i.drawPixel)
    i.free                                   0x08002c20   Section        0  malloc.o(i.free)
    i.getLatLon                              0x08002c70   Section        0  main.o(i.getLatLon)
    i.init                                   0x08002d54   Section        0  ssd1306.o(i.init)
    i.kc15                                   0x08002e0c   Section        0  main.o(i.kc15)
    i.kc50                                   0x08002e48   Section        0  main.o(i.kc50)
    i.main                                   0x08002e84   Section        0  main.o(i.main)
    i.malloc                                 0x08002fd4   Section        0  malloc.o(i.malloc)
    i.messageToDirectionData                 0x08003040   Section        0  main.o(i.messageToDirectionData)
    i.myI2C_Init                             0x080030d0   Section        0  main.o(i.myI2C_Init)
    i.phai                                   0x08003184   Section        0  main.o(i.phai)
    i.sendCommand                            0x08003186   Section        0  ssd1306.o(i.sendCommand)
    i.sin                                    0x08003198   Section        0  sin.o(i.sin)
    i.sqrt                                   0x08003238   Section        0  sqrt.o(i.sqrt)
    i.thang                                  0x08003284   Section        0  main.o(i.thang)
    i.trai                                   0x08003286   Section        0  main.o(i.trai)
    .constdata                               0x08003288   Section      768  main.o(.constdata)
    .constdata                               0x08003588   Section      152  atan.o(.constdata)
    atanhi                                   0x08003588   Data          32  atan.o(.constdata)
    atanlo                                   0x080035a8   Data          32  atan.o(.constdata)
    aTodd                                    0x080035c8   Data          40  atan.o(.constdata)
    aTeven                                   0x080035f0   Data          48  atan.o(.constdata)
    .constdata                               0x08003620   Section       48  cos_i.o(.constdata)
    C                                        0x08003620   Data          48  cos_i.o(.constdata)
    .constdata                               0x08003650   Section        8  qnan.o(.constdata)
    .constdata                               0x08003658   Section      200  rred.o(.constdata)
    pio2s                                    0x08003658   Data          48  rred.o(.constdata)
    twooverpi                                0x08003688   Data         152  rred.o(.constdata)
    .constdata                               0x08003720   Section       40  sin_i.o(.constdata)
    S                                        0x08003720   Data          40  sin_i.o(.constdata)
    .constdata                               0x08003748   Section      129  ctype_o.o(.constdata)
    .constdata                               0x080037cc   Section        4  ctype_o.o(.constdata)
    table                                    0x080037cc   Data           4  ctype_o.o(.constdata)
    .data                                    0x20000000   Section       13  uart_driver.o(.data)
    UART_Received_CallBack                   0x20000000   Data           4  uart_driver.o(.data)
    _buffer                                  0x20000004   Data           4  uart_driver.o(.data)
    _sendBuffer                              0x20000008   Data           4  uart_driver.o(.data)
    _index                                   0x2000000c   Data           1  uart_driver.o(.data)
    .data                                    0x20000010   Section       50  main.o(.data)
    UART_Received_CallBack                   0x20000010   Data           4  main.o(.data)
    _buffer                                  0x20000014   Data           4  main.o(.data)
    _sendBuffer                              0x20000018   Data           4  main.o(.data)
    _index                                   0x2000001c   Data           1  main.o(.data)
    .data                                    0x20000042   Section     1036  ssd1306.o(.data)
    buffer                                   0x2000004e   Data        1024  ssd1306.o(.data)
    .data                                    0x2000044e   Section       20  stm32f10x_rcc.o(.data)
    APBAHBPrescTable                         0x2000044e   Data          16  stm32f10x_rcc.o(.data)
    ADCPrescTable                            0x2000045e   Data           4  stm32f10x_rcc.o(.data)
    .data                                    0x20000464   Section        4  strtok.o(.data)
    state                                    0x20000464   Data           4  strtok.o(.data)
    .data                                    0x20000468   Section        4  mvars.o(.data)
    .data                                    0x2000046c   Section        4  mvars.o(.data)
    .data                                    0x20000470   Section        4  errno.o(.data)
    _errno                                   0x20000470   Data           4  errno.o(.data)
    .bss                                     0x20000474   Section      308  main.o(.bss)
    list                                     0x20000484   Data          12  main.o(.bss)
    HEAP                                     0x200005a8   Section     8264  startup_stm32f10x_md.o(HEAP)
    STACK                                    0x200025f0   Section     1024  startup_stm32f10x_md.o(STACK)

    Global Symbols

    Symbol Name                              Value     Ov Type        Size  Object(Section)

    BuildAttributes$$THM_ISAv4$P$D$K$B$S$PE$A:L22UL41UL21$X:L11$S22US41US21$IEEE1$IW$USESV6$~STKCKD$USESV7$~SHL$OTIME$ROPI$IEEEX$EBA8$MICROLIB$REQ8$PRES8$EABIv2 0x00000000   Number         0  anon$$obj.o ABSOLUTE
    __ARM_use_no_argv                        0x00000000   Number         0  main.o ABSOLUTE
    __cpp_initialize__aeabi_                  - Undefined Weak Reference
    __cxa_finalize                            - Undefined Weak Reference
    _clock_init                               - Undefined Weak Reference
    _microlib_exit                            - Undefined Weak Reference
    __Vectors_Size                           0x000000ec   Number         0  startup_stm32f10x_md.o ABSOLUTE
    __Vectors                                0x08000000   Data           4  startup_stm32f10x_md.o(RESET)
    __Vectors_End                            0x080000ec   Data           0  startup_stm32f10x_md.o(RESET)
    __main                                   0x080000ed   Thumb Code     0  entry.o(.ARM.Collect$$$$00000000)
    _main_stk                                0x080000ed   Thumb Code     0  entry2.o(.ARM.Collect$$$$00000001)
    _main_scatterload                        0x080000f1   Thumb Code     0  entry5.o(.ARM.Collect$$$$00000004)
    __main_after_scatterload                 0x080000f5   Thumb Code     0  entry5.o(.ARM.Collect$$$$00000004)
    _main_clock                              0x080000f5   Thumb Code     0  entry7b.o(.ARM.Collect$$$$00000008)
    _main_cpp_init                           0x080000f5   Thumb Code     0  entry8b.o(.ARM.Collect$$$$0000000A)
    _main_init                               0x080000f5   Thumb Code     0  entry9a.o(.ARM.Collect$$$$0000000B)
    __rt_final_cpp                           0x080000fd   Thumb Code     0  entry10a.o(.ARM.Collect$$$$0000000D)
    __rt_final_exit                          0x080000fd   Thumb Code     0  entry11a.o(.ARM.Collect$$$$0000000F)
    Reset_Handler                            0x08000101   Thumb Code     8  startup_stm32f10x_md.o(.text)
    NMI_Handler                              0x08000109   Thumb Code     2  startup_stm32f10x_md.o(.text)
    HardFault_Handler                        0x0800010b   Thumb Code     2  startup_stm32f10x_md.o(.text)
    MemManage_Handler                        0x0800010d   Thumb Code     2  startup_stm32f10x_md.o(.text)
    BusFault_Handler                         0x0800010f   Thumb Code     2  startup_stm32f10x_md.o(.text)
    UsageFault_Handler                       0x08000111   Thumb Code     2  startup_stm32f10x_md.o(.text)
    SVC_Handler                              0x08000113   Thumb Code     2  startup_stm32f10x_md.o(.text)
    DebugMon_Handler                         0x08000115   Thumb Code     2  startup_stm32f10x_md.o(.text)
    PendSV_Handler                           0x08000117   Thumb Code     2  startup_stm32f10x_md.o(.text)
    SysTick_Handler                          0x08000119   Thumb Code     2  startup_stm32f10x_md.o(.text)
    ADC1_2_IRQHandler                        0x0800011b   Thumb Code     0  startup_stm32f10x_md.o(.text)
    CAN1_RX1_IRQHandler                      0x0800011b   Thumb Code     0  startup_stm32f10x_md.o(.text)
    CAN1_SCE_IRQHandler                      0x0800011b   Thumb Code     0  startup_stm32f10x_md.o(.text)
    DMA1_Channel1_IRQHandler                 0x0800011b   Thumb Code     0  startup_stm32f10x_md.o(.text)
    DMA1_Channel2_IRQHandler                 0x0800011b   Thumb Code     0  startup_stm32f10x_md.o(.text)
    DMA1_Channel3_IRQHandler                 0x0800011b   Thumb Code     0  startup_stm32f10x_md.o(.text)
    DMA1_Channel4_IRQHandler                 0x0800011b   Thumb Code     0  startup_stm32f10x_md.o(.text)
    DMA1_Channel5_IRQHandler                 0x0800011b   Thumb Code     0  startup_stm32f10x_md.o(.text)
    DMA1_Channel6_IRQHandler                 0x0800011b   Thumb Code     0  startup_stm32f10x_md.o(.text)
    DMA1_Channel7_IRQHandler                 0x0800011b   Thumb Code     0  startup_stm32f10x_md.o(.text)
    EXTI0_IRQHandler                         0x0800011b   Thumb Code     0  startup_stm32f10x_md.o(.text)
    EXTI15_10_IRQHandler                     0x0800011b   Thumb Code     0  startup_stm32f10x_md.o(.text)
    EXTI1_IRQHandler                         0x0800011b   Thumb Code     0  startup_stm32f10x_md.o(.text)
    EXTI2_IRQHandler                         0x0800011b   Thumb Code     0  startup_stm32f10x_md.o(.text)
    EXTI3_IRQHandler                         0x0800011b   Thumb Code     0  startup_stm32f10x_md.o(.text)
    EXTI4_IRQHandler                         0x0800011b   Thumb Code     0  startup_stm32f10x_md.o(.text)
    EXTI9_5_IRQHandler                       0x0800011b   Thumb Code     0  startup_stm32f10x_md.o(.text)
    FLASH_IRQHandler                         0x0800011b   Thumb Code     0  startup_stm32f10x_md.o(.text)
    I2C1_ER_IRQHandler                       0x0800011b   Thumb Code     0  startup_stm32f10x_md.o(.text)
    I2C1_EV_IRQHandler                       0x0800011b   Thumb Code     0  startup_stm32f10x_md.o(.text)
    I2C2_ER_IRQHandler                       0x0800011b   Thumb Code     0  startup_stm32f10x_md.o(.text)
    I2C2_EV_IRQHandler                       0x0800011b   Thumb Code     0  startup_stm32f10x_md.o(.text)
    PVD_IRQHandler                           0x0800011b   Thumb Code     0  startup_stm32f10x_md.o(.text)
    RCC_IRQHandler                           0x0800011b   Thumb Code     0  startup_stm32f10x_md.o(.text)
    RTCAlarm_IRQHandler                      0x0800011b   Thumb Code     0  startup_stm32f10x_md.o(.text)
    RTC_IRQHandler                           0x0800011b   Thumb Code     0  startup_stm32f10x_md.o(.text)
    SPI1_IRQHandler                          0x0800011b   Thumb Code     0  startup_stm32f10x_md.o(.text)
    SPI2_IRQHandler                          0x0800011b   Thumb Code     0  startup_stm32f10x_md.o(.text)
    TAMPER_IRQHandler                        0x0800011b   Thumb Code     0  startup_stm32f10x_md.o(.text)
    TIM1_BRK_IRQHandler                      0x0800011b   Thumb Code     0  startup_stm32f10x_md.o(.text)
    TIM1_CC_IRQHandler                       0x0800011b   Thumb Code     0  startup_stm32f10x_md.o(.text)
    TIM1_TRG_COM_IRQHandler                  0x0800011b   Thumb Code     0  startup_stm32f10x_md.o(.text)
    TIM1_UP_IRQHandler                       0x0800011b   Thumb Code     0  startup_stm32f10x_md.o(.text)
    TIM2_IRQHandler                          0x0800011b   Thumb Code     0  startup_stm32f10x_md.o(.text)
    TIM3_IRQHandler                          0x0800011b   Thumb Code     0  startup_stm32f10x_md.o(.text)
    TIM4_IRQHandler                          0x0800011b   Thumb Code     0  startup_stm32f10x_md.o(.text)
    USART3_IRQHandler                        0x0800011b   Thumb Code     0  startup_stm32f10x_md.o(.text)
    USBWakeUp_IRQHandler                     0x0800011b   Thumb Code     0  startup_stm32f10x_md.o(.text)
    USB_HP_CAN1_TX_IRQHandler                0x0800011b   Thumb Code     0  startup_stm32f10x_md.o(.text)
    USB_LP_CAN1_RX0_IRQHandler               0x0800011b   Thumb Code     0  startup_stm32f10x_md.o(.text)
    WWDG_IRQHandler                          0x0800011b   Thumb Code     0  startup_stm32f10x_md.o(.text)
    strstr                                   0x08000125   Thumb Code    36  strstr.o(.text)
    strcpy                                   0x08000149   Thumb Code    18  strcpy.o(.text)
    strtok                                   0x0800015d   Thumb Code    62  strtok.o(.text)
    atoi                                     0x080001a1   Thumb Code    26  atoi.o(.text)
    __aeabi_fadd                             0x080001bb   Thumb Code   164  fadd.o(.text)
    __aeabi_fsub                             0x0800025f   Thumb Code     6  fadd.o(.text)
    __aeabi_frsub                            0x08000265   Thumb Code     6  fadd.o(.text)
    __aeabi_fmul                             0x0800026b   Thumb Code   100  fmul.o(.text)
    __aeabi_fdiv                             0x080002cf   Thumb Code   124  fdiv.o(.text)
    __aeabi_dadd                             0x0800034b   Thumb Code   322  dadd.o(.text)
    __aeabi_dsub                             0x0800048d   Thumb Code     6  dadd.o(.text)
    __aeabi_drsub                            0x08000493   Thumb Code     6  dadd.o(.text)
    __aeabi_dmul                             0x08000499   Thumb Code   228  dmul.o(.text)
    __aeabi_ddiv                             0x0800057d   Thumb Code   222  ddiv.o(.text)
    __aeabi_i2d                              0x0800065b   Thumb Code    34  dflti.o(.text)
    __aeabi_d2iz                             0x0800067d   Thumb Code    62  dfixi.o(.text)
    __aeabi_f2d                              0x080006bb   Thumb Code    38  f2d.o(.text)
    __aeabi_d2f                              0x080006e1   Thumb Code    56  d2f.o(.text)
    __aeabi_cfcmpeq                          0x08000719   Thumb Code     0  cfcmple.o(.text)
    __aeabi_cfcmple                          0x08000719   Thumb Code    20  cfcmple.o(.text)
    __aeabi_cfrcmple                         0x0800072d   Thumb Code    20  cfrcmple.o(.text)
    __aeabi_llsl                             0x08000741   Thumb Code    30  llshl.o(.text)
    _ll_shift_l                              0x08000741   Thumb Code     0  llshl.o(.text)
    __aeabi_llsr                             0x0800075f   Thumb Code    32  llushr.o(.text)
    _ll_ushift_r                             0x0800075f   Thumb Code     0  llushr.o(.text)
    __aeabi_lasr                             0x0800077f   Thumb Code    36  llsshr.o(.text)
    _ll_sshift_r                             0x0800077f   Thumb Code     0  llsshr.o(.text)
    __strtod_int                             0x080007db   Thumb Code    88  strtod.o(.text)
    strtol                                   0x08000841   Thumb Code   112  strtol.o(.text)
    __I$use$fp                               0x080008b1   Thumb Code     0  iusefp.o(.text)
    _float_round                             0x080008b1   Thumb Code    18  fepilogue.o(.text)
    _float_epilogue                          0x080008c3   Thumb Code    92  fepilogue.o(.text)
    _double_round                            0x0800091f   Thumb Code    30  depilogue.o(.text)
    _double_epilogue                         0x0800093d   Thumb Code   156  depilogue.o(.text)
    _dsqrt                                   0x080009d9   Thumb Code   162  dsqrt.o(.text)
    __scatterload                            0x08000a7d   Thumb Code    28  init.o(.text)
    __scatterload_rt2                        0x08000a7d   Thumb Code     0  init.o(.text)
    __rt_ctype_table                         0x08000aa1   Thumb Code     4  ctype_o.o(.text)
    isspace                                  0x08000aa9   Thumb Code    18  isspace_o.o(.text)
    _scanf_real                              0x08000bbd   Thumb Code     0  scanf_fp.o(.text)
    _scanf_really_real                       0x08000bbd   Thumb Code   556  scanf_fp.o(.text)
    _sgetc                                   0x08000df5   Thumb Code    30  _sgetc.o(.text)
    _sbackspace                              0x08000e13   Thumb Code    34  _sgetc.o(.text)
    _strtoul                                 0x08000e35   Thumb Code   158  _strtoul.o(.text)
    __ARM_scalbn                             0x08000ed3   Thumb Code    46  dscalb.o(.text)
    scalbn                                   0x08000ed3   Thumb Code     0  dscalb.o(.text)
    __aeabi_ui2d                             0x08000f01   Thumb Code    26  dfltui.o(.text)
    _chval                                   0x08000f1b   Thumb Code    28  _chval.o(.text)
    __aeabi_ul2d                             0x08000f37   Thumb Code    24  dfltul.o(.text)
    __decompress                             0x08000f4f   Thumb Code     0  __dczerorl2.o(.text)
    __decompress1                            0x08000f4f   Thumb Code    86  __dczerorl2.o(.text)
    DirectionDataList_Get                    0x08000fa5   Thumb Code    48  directiondata.o(i.DirectionDataList_Get)
    DirectionDataList_Init                   0x08000fd5   Thumb Code    10  directiondata.o(i.DirectionDataList_Init)
    DirectionDataList_Put                    0x08000fdf   Thumb Code    94  directiondata.o(i.DirectionDataList_Put)
    GPIO_Init                                0x0800103d   Thumb Code   278  stm32f10x_gpio.o(i.GPIO_Init)
    GPIO_ResetBits                           0x08001153   Thumb Code     4  stm32f10x_gpio.o(i.GPIO_ResetBits)
    GPIO_SetBits                             0x08001157   Thumb Code     4  stm32f10x_gpio.o(i.GPIO_SetBits)
    I2C_CheckEvent                           0x0800115b   Thumb Code    42  stm32f10x_i2c.o(i.I2C_CheckEvent)
    I2C_Cmd                                  0x08001185   Thumb Code    24  stm32f10x_i2c.o(i.I2C_Cmd)
    I2C_GenerateSTART                        0x0800119d   Thumb Code    24  stm32f10x_i2c.o(i.I2C_GenerateSTART)
    I2C_GenerateSTOP                         0x080011b5   Thumb Code    24  stm32f10x_i2c.o(i.I2C_GenerateSTOP)
    I2C_GetFlagStatus                        0x080011cd   Thumb Code    58  stm32f10x_i2c.o(i.I2C_GetFlagStatus)
    I2C_Init                                 0x08001209   Thumb Code   222  stm32f10x_i2c.o(i.I2C_Init)
    I2C_Send7bitAddress                      0x080012f5   Thumb Code    18  stm32f10x_i2c.o(i.I2C_Send7bitAddress)
    I2C_SendData                             0x08001307   Thumb Code     4  stm32f10x_i2c.o(i.I2C_SendData)
    NVIC_Init                                0x0800130d   Thumb Code   100  misc.o(i.NVIC_Init)
    RCC_APB1PeriphClockCmd                   0x0800137d   Thumb Code    26  stm32f10x_rcc.o(i.RCC_APB1PeriphClockCmd)
    RCC_APB1PeriphResetCmd                   0x0800139d   Thumb Code    26  stm32f10x_rcc.o(i.RCC_APB1PeriphResetCmd)
    RCC_APB2PeriphClockCmd                   0x080013bd   Thumb Code    26  stm32f10x_rcc.o(i.RCC_APB2PeriphClockCmd)
    RCC_APB2PeriphResetCmd                   0x080013dd   Thumb Code    26  stm32f10x_rcc.o(i.RCC_APB2PeriphResetCmd)
    RCC_GetClocksFreq                        0x080013fd   Thumb Code   192  stm32f10x_rcc.o(i.RCC_GetClocksFreq)
    SystemInit                               0x080015b9   Thumb Code    78  system_stm32f10x.o(i.SystemInit)
    UART2_ReceiveMessage                     0x08001619   Thumb Code    50  main.o(i.UART2_ReceiveMessage)
    UART_Init                                0x08001651   Thumb Code   198  uart_driver.o(i.UART_Init)
    UART_Send                                0x0800172d   Thumb Code    28  uart_driver.o(i.UART_Send)
    UART_SendStr                             0x0800174d   Thumb Code    22  uart_driver.o(i.UART_SendStr)
    USART1_IRQHandler                        0x08001765   Thumb Code   102  main.o(i.USART1_IRQHandler)
    USART2_IRQHandler                        0x080017ed   Thumb Code   106  uart_driver.o(i.USART2_IRQHandler)
    USART_ClearITPendingBit                  0x0800186d   Thumb Code    30  stm32f10x_usart.o(i.USART_ClearITPendingBit)
    USART_Cmd                                0x0800188b   Thumb Code    24  stm32f10x_usart.o(i.USART_Cmd)
    USART_DeInit                             0x080018a5   Thumb Code   134  stm32f10x_usart.o(i.USART_DeInit)
    USART_GetFlagStatus                      0x08001941   Thumb Code    26  stm32f10x_usart.o(i.USART_GetFlagStatus)
    USART_GetITStatus                        0x0800195b   Thumb Code    84  stm32f10x_usart.o(i.USART_GetITStatus)
    USART_ITConfig                           0x080019af   Thumb Code    74  stm32f10x_usart.o(i.USART_ITConfig)
    USART_Init                               0x080019f9   Thumb Code   210  stm32f10x_usart.o(i.USART_Init)
    USART_ReceiveData                        0x08001ad1   Thumb Code    10  stm32f10x_usart.o(i.USART_ReceiveData)
    USART_SendData                           0x08001adb   Thumb Code     8  stm32f10x_usart.o(i.USART_SendData)
    USART_init                               0x08001ae5   Thumb Code   120  main.o(i.USART_init)
    Write_Byte                               0x08001b71   Thumb Code   128  ssd1306.o(i.Write_Byte)
    setHorizontalMode()                      0x08001bfd   Thumb Code    16  ssd1306.o(i._Z17setHorizontalModev)
    __ARM_fpclassify                         0x08001c0d   Thumb Code    40  fpclassify.o(i.__ARM_fpclassify)
    __aeabi_errno_addr                       0x08001c35   Thumb Code     4  errno.o(i.__aeabi_errno_addr)
    __rt_errno_addr                          0x08001c35   Thumb Code     0  errno.o(i.__aeabi_errno_addr)
    __ieee754_rem_pio2                       0x08001c3d   Thumb Code   828  rred.o(i.__ieee754_rem_pio2)
    __kernel_cos                             0x08001fc5   Thumb Code   230  cos_i.o(i.__kernel_cos)
    __kernel_poly                            0x080020c1   Thumb Code   170  poly.o(i.__kernel_poly)
    __kernel_sin                             0x0800216d   Thumb Code   224  sin_i.o(i.__kernel_sin)
    __mathlib_dbl_infnan                     0x08002259   Thumb Code     6  dunder.o(i.__mathlib_dbl_infnan)
    __mathlib_dbl_infnan2                    0x0800225f   Thumb Code     4  dunder.o(i.__mathlib_dbl_infnan2)
    __mathlib_dbl_invalid                    0x08002263   Thumb Code    12  dunder.o(i.__mathlib_dbl_invalid)
    __mathlib_dbl_underflow                  0x08002271   Thumb Code    10  dunder.o(i.__mathlib_dbl_underflow)
    __read_errno                             0x08002281   Thumb Code     6  errno.o(i.__read_errno)
    __scatterload_copy                       0x0800228d   Thumb Code    14  handlers.o(i.__scatterload_copy)
    __scatterload_null                       0x0800229b   Thumb Code     2  handlers.o(i.__scatterload_null)
    __scatterload_zeroinit                   0x0800229d   Thumb Code    14  handlers.o(i.__scatterload_zeroinit)
    __set_errno                              0x080022ad   Thumb Code     6  errno.o(i.__set_errno)
    _is_digit                                0x080022b9   Thumb Code    14  scanf_fp.o(i._is_digit)
    atan                                     0x080022c9   Thumb Code   474  atan.o(i.atan)
    atan2                                    0x080024e9   Thumb Code   346  atan2.o(i.atan2)
    atof                                     0x08002669   Thumb Code    42  atof.o(i.atof)
    clearDisplay                             0x08002693   Thumb Code    38  ssd1306.o(i.clearDisplay)
    constructor                              0x080026b9   Thumb Code    50  ssd1306.o(i.constructor)
    convertNmeaToDec                         0x08002719   Thumb Code    94  main.o(i.convertNmeaToDec)
    coordinatesToMeters                      0x0800277d   Thumb Code   526  main.o(i.coordinatesToMeters)
    cos                                      0x080029a5   Thumb Code   148  cos.o(i.cos)
    delay_Init                               0x08002a41   Thumb Code    18  delay.o(i.delay_Init)
    display                                  0x08002a55   Thumb Code   176  ssd1306.o(i.display)
    drawBitmap                               0x08002b15   Thumb Code    98  ssd1306.o(i.drawBitmap)
    drawPixel                                0x08002b79   Thumb Code   154  ssd1306.o(i.drawPixel)
    free                                     0x08002c21   Thumb Code    76  malloc.o(i.free)
    getLatLon                                0x08002c71   Thumb Code   210  main.o(i.getLatLon)
    init                                     0x08002d55   Thumb Code   178  ssd1306.o(i.init)
    kc15                                     0x08002e0d   Thumb Code    52  main.o(i.kc15)
    kc50                                     0x08002e49   Thumb Code    52  main.o(i.kc50)
    main                                     0x08002e85   Thumb Code   288  main.o(i.main)
    malloc                                   0x08002fd5   Thumb Code    92  malloc.o(i.malloc)
    messageToDirectionData                   0x08003041   Thumb Code   136  main.o(i.messageToDirectionData)
    myI2C_Init                               0x080030d1   Thumb Code   162  main.o(i.myI2C_Init)
    phai                                     0x08003185   Thumb Code     2  main.o(i.phai)
    sendCommand                              0x08003187   Thumb Code    16  ssd1306.o(i.sendCommand)
    sin                                      0x08003199   Thumb Code   150  sin.o(i.sin)
    sqrt                                     0x08003239   Thumb Code    76  sqrt.o(i.sqrt)
    thang                                    0x08003285   Thumb Code     2  main.o(i.thang)
    trai                                     0x08003287   Thumb Code     2  main.o(i.trai)
    character0                               0x08003288   Data         256  main.o(.constdata)
    character1                               0x08003388   Data         256  main.o(.constdata)
    character5                               0x08003488   Data         256  main.o(.constdata)
    __mathlib_zero                           0x08003650   Data           8  qnan.o(.constdata)
    __ctype_table                            0x08003748   Data         129  ctype_o.o(.constdata)
    Region$$Table$$Base                      0x080037d0   Number         0  anon$$obj.o(Region$$Table)
    Region$$Table$$Limit                     0x080037f0   Number         0  anon$$obj.o(Region$$Table)
    GPIO_InitStructure                       0x2000001e   Data           4  main.o(.data)
    NVIC_InitStructure                       0x20000022   Data           4  main.o(.data)
    EXTI_InitStructure                       0x20000028   Data           8  main.o(.data)
    node_get                                 0x20000030   Data           4  main.o(.data)
    pos                                      0x20000034   Data           1  main.o(.data)
    flat                                     0x20000038   Data           4  main.o(.data)
    flon                                     0x2000003c   Data           4  main.o(.data)
    daQua                                    0x20000040   Data           1  main.o(.data)
    sapQua                                   0x20000041   Data           1  main.o(.data)
    SlaveAddress                             0x20000042   Data           1  ssd1306.o(.data)
    WIDTH                                    0x20000043   Data           1  ssd1306.o(.data)
    HEIGHT                                   0x20000044   Data           1  ssd1306.o(.data)
    _width                                   0x20000045   Data           1  ssd1306.o(.data)
    _height                                  0x20000046   Data           1  ssd1306.o(.data)
    cursor_x                                 0x20000047   Data           1  ssd1306.o(.data)
    cursor_y                                 0x20000048   Data           1  ssd1306.o(.data)
    textcolor                                0x20000049   Data           1  ssd1306.o(.data)
    textbgcolor                              0x2000004a   Data           1  ssd1306.o(.data)
    textsize                                 0x2000004b   Data           1  ssd1306.o(.data)
    rotation                                 0x2000004c   Data           1  ssd1306.o(.data)
    wrap                                     0x2000004d   Data           1  ssd1306.o(.data)
    __microlib_freelist                      0x20000468   Data           4  mvars.o(.data)
    __microlib_freelist_initialised          0x2000046c   Data           4  mvars.o(.data)
    USART_InitStructure                      0x20000474   Data          16  main.o(.bss)
    latOK                                    0x20000490   Data          70  main.o(.bss)
    lonOK                                    0x200004d6   Data          70  main.o(.bss)
    ok                                       0x2000051c   Data          70  main.o(.bss)
    s                                        0x20000562   Data          70  main.o(.bss)
    __heap_base                              0x200005a8   Data           0  startup_stm32f10x_md.o(HEAP)
    __heap_limit                             0x200025f0   Data           0  startup_stm32f10x_md.o(HEAP)
    __initial_sp                             0x200029f0   Data           0  startup_stm32f10x_md.o(STACK)



==============================================================================

Memory Map of the image

  Image Entry point : 0x08000101

  Load Region LR_1 (Base: 0x08000000, Size: 0x00003c64, Max: 0xffffffff, ABSOLUTE, COMPRESSED[0x0000396c])

    Execution Region ER_RO (Base: 0x08000000, Size: 0x000037f0, Max: 0xffffffff, ABSOLUTE)

    Base Addr    Size         Type   Attr      Idx    E Section Name        Object

    0x08000000   0x000000ec   Data   RO         3633    RESET               startup_stm32f10x_md.o
    0x080000ec   0x00000000   Code   RO         3674  * .ARM.Collect$$$$00000000  mc_w.l(entry.o)
    0x080000ec   0x00000004   Code   RO         3780    .ARM.Collect$$$$00000001  mc_w.l(entry2.o)
    0x080000f0   0x00000004   Code   RO         3783    .ARM.Collect$$$$00000004  mc_w.l(entry5.o)
    0x080000f4   0x00000000   Code   RO         3785    .ARM.Collect$$$$00000008  mc_w.l(entry7b.o)
    0x080000f4   0x00000000   Code   RO         3787    .ARM.Collect$$$$0000000A  mc_w.l(entry8b.o)
    0x080000f4   0x00000008   Code   RO         3788    .ARM.Collect$$$$0000000B  mc_w.l(entry9a.o)
    0x080000fc   0x00000000   Code   RO         3790    .ARM.Collect$$$$0000000D  mc_w.l(entry10a.o)
    0x080000fc   0x00000000   Code   RO         3792    .ARM.Collect$$$$0000000F  mc_w.l(entry11a.o)
    0x080000fc   0x00000004   Code   RO         3781    .ARM.Collect$$$$00002712  mc_w.l(entry2.o)
    0x08000100   0x00000024   Code   RO         3634  * .text               startup_stm32f10x_md.o
    0x08000124   0x00000024   Code   RO         3677    .text               mc_w.l(strstr.o)
    0x08000148   0x00000012   Code   RO         3679    .text               mc_w.l(strcpy.o)
    0x0800015a   0x00000002   PAD
    0x0800015c   0x00000044   Code   RO         3681    .text               mc_w.l(strtok.o)
    0x080001a0   0x0000001a   Code   RO         3715    .text               mc_w.l(atoi.o)
    0x080001ba   0x000000b0   Code   RO         3717    .text               mf_w.l(fadd.o)
    0x0800026a   0x00000064   Code   RO         3719    .text               mf_w.l(fmul.o)
    0x080002ce   0x0000007c   Code   RO         3721    .text               mf_w.l(fdiv.o)
    0x0800034a   0x0000014e   Code   RO         3723    .text               mf_w.l(dadd.o)
    0x08000498   0x000000e4   Code   RO         3725    .text               mf_w.l(dmul.o)
    0x0800057c   0x000000de   Code   RO         3727    .text               mf_w.l(ddiv.o)
    0x0800065a   0x00000022   Code   RO         3729    .text               mf_w.l(dflti.o)
    0x0800067c   0x0000003e   Code   RO         3731    .text               mf_w.l(dfixi.o)
    0x080006ba   0x00000026   Code   RO         3733    .text               mf_w.l(f2d.o)
    0x080006e0   0x00000038   Code   RO         3735    .text               mf_w.l(d2f.o)
    0x08000718   0x00000014   Code   RO         3737    .text               mf_w.l(cfcmple.o)
    0x0800072c   0x00000014   Code   RO         3739    .text               mf_w.l(cfrcmple.o)
    0x08000740   0x0000001e   Code   RO         3794    .text               mc_w.l(llshl.o)
    0x0800075e   0x00000020   Code   RO         3796    .text               mc_w.l(llushr.o)
    0x0800077e   0x00000024   Code   RO         3798    .text               mc_w.l(llsshr.o)
    0x080007a2   0x00000002   PAD
    0x080007a4   0x0000009c   Code   RO         3813    .text               mc_w.l(strtod.o)
    0x08000840   0x00000070   Code   RO         3815    .text               mc_w.l(strtol.o)
    0x080008b0   0x00000000   Code   RO         3817    .text               mc_w.l(iusefp.o)
    0x080008b0   0x0000006e   Code   RO         3818    .text               mf_w.l(fepilogue.o)
    0x0800091e   0x000000ba   Code   RO         3820    .text               mf_w.l(depilogue.o)
    0x080009d8   0x000000a2   Code   RO         3822    .text               mf_w.l(dsqrt.o)
    0x08000a7a   0x00000002   PAD
    0x08000a7c   0x00000024   Code   RO         3830    .text               mc_w.l(init.o)
    0x08000aa0   0x00000008   Code   RO         3834    .text               mc_w.l(ctype_o.o)
    0x08000aa8   0x00000012   Code   RO         3856    .text               mc_w.l(isspace_o.o)
    0x08000aba   0x00000002   PAD
    0x08000abc   0x00000338   Code   RO         3862    .text               mc_w.l(scanf_fp.o)
    0x08000df4   0x00000040   Code   RO         3866    .text               mc_w.l(_sgetc.o)
    0x08000e34   0x0000009e   Code   RO         3868    .text               mc_w.l(_strtoul.o)
    0x08000ed2   0x0000002e   Code   RO         3870    .text               mf_w.l(dscalb.o)
    0x08000f00   0x0000001a   Code   RO         3872    .text               mf_w.l(dfltui.o)
    0x08000f1a   0x0000001c   Code   RO         3877    .text               mc_w.l(_chval.o)
    0x08000f36   0x00000018   Code   RO         3879    .text               mf_w.l(dfltul.o)
    0x08000f4e   0x00000056   Code   RO         3889    .text               mc_w.l(__dczerorl2.o)
    0x08000fa4   0x00000030   Code   RO          111    i.DirectionDataList_Get  directiondata.o
    0x08000fd4   0x0000000a   Code   RO          112    i.DirectionDataList_Init  directiondata.o
    0x08000fde   0x0000005e   Code   RO          113    i.DirectionDataList_Put  directiondata.o
    0x0800103c   0x00000116   Code   RO         1749    i.GPIO_Init         stm32f10x_gpio.o
    0x08001152   0x00000004   Code   RO         1756    i.GPIO_ResetBits    stm32f10x_gpio.o
    0x08001156   0x00000004   Code   RO         1757    i.GPIO_SetBits      stm32f10x_gpio.o
    0x0800115a   0x0000002a   Code   RO         1863    i.I2C_CheckEvent    stm32f10x_i2c.o
    0x08001184   0x00000018   Code   RO         1866    i.I2C_Cmd           stm32f10x_i2c.o
    0x0800119c   0x00000018   Code   RO         1873    i.I2C_GenerateSTART  stm32f10x_i2c.o
    0x080011b4   0x00000018   Code   RO         1874    i.I2C_GenerateSTOP  stm32f10x_i2c.o
    0x080011cc   0x0000003a   Code   RO         1875    i.I2C_GetFlagStatus  stm32f10x_i2c.o
    0x08001206   0x00000002   PAD
    0x08001208   0x000000ec   Code   RO         1880    i.I2C_Init          stm32f10x_i2c.o
    0x080012f4   0x00000012   Code   RO         1887    i.I2C_Send7bitAddress  stm32f10x_i2c.o
    0x08001306   0x00000004   Code   RO         1888    i.I2C_SendData      stm32f10x_i2c.o
    0x0800130a   0x00000002   PAD
    0x0800130c   0x00000070   Code   RO          502    i.NVIC_Init         misc.o
    0x0800137c   0x00000020   Code   RO         2171    i.RCC_APB1PeriphClockCmd  stm32f10x_rcc.o
    0x0800139c   0x00000020   Code   RO         2172    i.RCC_APB1PeriphResetCmd  stm32f10x_rcc.o
    0x080013bc   0x00000020   Code   RO         2173    i.RCC_APB2PeriphClockCmd  stm32f10x_rcc.o
    0x080013dc   0x00000020   Code   RO         2174    i.RCC_APB2PeriphResetCmd  stm32f10x_rcc.o
    0x080013fc   0x000000d4   Code   RO         2181    i.RCC_GetClocksFreq  stm32f10x_rcc.o
    0x080014d0   0x00000008   Code   RO         3597    i.SetSysClock       system_stm32f10x.o
    0x080014d8   0x000000e0   Code   RO         3598    i.SetSysClockTo72   system_stm32f10x.o
    0x080015b8   0x00000060   Code   RO         3600    i.SystemInit        system_stm32f10x.o
    0x08001618   0x00000038   Code   RO          184    i.UART2_ReceiveMessage  main.o
    0x08001650   0x000000dc   Code   RO          146    i.UART_Init         uart_driver.o
    0x0800172c   0x00000020   Code   RO          147    i.UART_Send         uart_driver.o
    0x0800174c   0x00000016   Code   RO          148    i.UART_SendStr      uart_driver.o
    0x08001762   0x00000002   PAD
    0x08001764   0x00000088   Code   RO          185    i.USART1_IRQHandler  main.o
    0x080017ec   0x00000080   Code   RO          149    i.USART2_IRQHandler  uart_driver.o
    0x0800186c   0x0000001e   Code   RO         3350    i.USART_ClearITPendingBit  stm32f10x_usart.o
    0x0800188a   0x00000018   Code   RO         3353    i.USART_Cmd         stm32f10x_usart.o
    0x080018a2   0x00000002   PAD
    0x080018a4   0x0000009c   Code   RO         3355    i.USART_DeInit      stm32f10x_usart.o
    0x08001940   0x0000001a   Code   RO         3356    i.USART_GetFlagStatus  stm32f10x_usart.o
    0x0800195a   0x00000054   Code   RO         3357    i.USART_GetITStatus  stm32f10x_usart.o
    0x080019ae   0x0000004a   Code   RO         3359    i.USART_ITConfig    stm32f10x_usart.o
    0x080019f8   0x000000d8   Code   RO         3360    i.USART_Init        stm32f10x_usart.o
    0x08001ad0   0x0000000a   Code   RO         3367    i.USART_ReceiveData  stm32f10x_usart.o
    0x08001ada   0x00000008   Code   RO         3370    i.USART_SendData    stm32f10x_usart.o
    0x08001ae2   0x00000002   PAD
    0x08001ae4   0x0000008c   Code   RO          186    i.USART_init        main.o
    0x08001b70   0x0000008c   Code   RO          295    i.Write_Byte        ssd1306.o
    0x08001bfc   0x00000010   Code   RO          297    i._Z17setHorizontalModev  ssd1306.o
    0x08001c0c   0x00000028   Code   RO         3826    i.__ARM_fpclassify  m_ws.l(fpclassify.o)
    0x08001c34   0x00000008   Code   RO         3806    i.__aeabi_errno_addr  mc_w.l(errno.o)
    0x08001c3c   0x00000388   Code   RO         3769    i.__ieee754_rem_pio2  m_ws.l(rred.o)
    0x08001fc4   0x000000fc   Code   RO         3751    i.__kernel_cos      m_ws.l(cos_i.o)
    0x080020c0   0x000000aa   Code   RO         3828    i.__kernel_poly     m_ws.l(poly.o)
    0x0800216a   0x00000002   PAD
    0x0800216c   0x000000ec   Code   RO         3774    i.__kernel_sin      m_ws.l(sin_i.o)
    0x08002258   0x00000006   Code   RO         3755    i.__mathlib_dbl_infnan  m_ws.l(dunder.o)
    0x0800225e   0x00000004   Code   RO         3756    i.__mathlib_dbl_infnan2  m_ws.l(dunder.o)
    0x08002262   0x0000000c   Code   RO         3757    i.__mathlib_dbl_invalid  m_ws.l(dunder.o)
    0x0800226e   0x00000002   PAD
    0x08002270   0x00000010   Code   RO         3760    i.__mathlib_dbl_underflow  m_ws.l(dunder.o)
    0x08002280   0x0000000c   Code   RO         3807    i.__read_errno      mc_w.l(errno.o)
    0x0800228c   0x0000000e   Code   RO         3883    i.__scatterload_copy  mc_w.l(handlers.o)
    0x0800229a   0x00000002   Code   RO         3884    i.__scatterload_null  mc_w.l(handlers.o)
    0x0800229c   0x0000000e   Code   RO         3885    i.__scatterload_zeroinit  mc_w.l(handlers.o)
    0x080022aa   0x00000002   PAD
    0x080022ac   0x0000000c   Code   RO         3808    i.__set_errno       mc_w.l(errno.o)
    0x080022b8   0x0000000e   Code   RO         3864    i._is_digit         mc_w.l(scanf_fp.o)
    0x080022c6   0x00000002   PAD
    0x080022c8   0x00000220   Code   RO         3742    i.atan              m_ws.l(atan.o)
    0x080024e8   0x00000180   Code   RO         3639    i.atan2             m_ws.l(atan2.o)
    0x08002668   0x0000002a   Code   RO         3647    i.atof              m_ws.l(atof.o)
    0x08002692   0x00000026   Code   RO          298    i.clearDisplay      ssd1306.o
    0x080026b8   0x00000060   Code   RO          299    i.constructor       ssd1306.o
    0x08002718   0x00000064   Code   RO          187    i.convertNmeaToDec  main.o
    0x0800277c   0x00000228   Code   RO          188    i.coordinatesToMeters  main.o
    0x080029a4   0x0000009c   Code   RO         3651    i.cos               m_ws.l(cos.o)
    0x08002a40   0x00000012   Code   RO            1    i.delay_Init        delay.o
    0x08002a52   0x00000002   PAD
    0x08002a54   0x000000c0   Code   RO          300    i.display           ssd1306.o
    0x08002b14   0x00000062   Code   RO          301    i.drawBitmap        ssd1306.o
    0x08002b76   0x00000002   PAD
    0x08002b78   0x000000a8   Code   RO          302    i.drawPixel         ssd1306.o
    0x08002c20   0x00000050   Code   RO         3687    i.free              mc_w.l(malloc.o)
    0x08002c70   0x000000e4   Code   RO          189    i.getLatLon         main.o
    0x08002d54   0x000000b8   Code   RO          303    i.init              ssd1306.o
    0x08002e0c   0x0000003c   Code   RO          190    i.kc15              main.o
    0x08002e48   0x0000003c   Code   RO          191    i.kc50              main.o
    0x08002e84   0x00000150   Code   RO          193    i.main              main.o
    0x08002fd4   0x0000006c   Code   RO         3688    i.malloc            mc_w.l(malloc.o)
    0x08003040   0x00000090   Code   RO          194    i.messageToDirectionData  main.o
    0x080030d0   0x000000b4   Code   RO          195    i.myI2C_Init        main.o
    0x08003184   0x00000002   Code   RO          196    i.phai              main.o
    0x08003186   0x00000010   Code   RO          304    i.sendCommand       ssd1306.o
    0x08003196   0x00000002   PAD
    0x08003198   0x000000a0   Code   RO         3659    i.sin               m_ws.l(sin.o)
    0x08003238   0x0000004c   Code   RO         3667    i.sqrt              m_ws.l(sqrt.o)
    0x08003284   0x00000002   Code   RO          197    i.thang             main.o
    0x08003286   0x00000002   Code   RO          198    i.trai              main.o
    0x08003288   0x00000300   Data   RO          200    .constdata          main.o
    0x08003588   0x00000098   Data   RO         3743    .constdata          m_ws.l(atan.o)
    0x08003620   0x00000030   Data   RO         3752    .constdata          m_ws.l(cos_i.o)
    0x08003650   0x00000008   Data   RO         3768    .constdata          m_ws.l(qnan.o)
    0x08003658   0x000000c8   Data   RO         3771    .constdata          m_ws.l(rred.o)
    0x08003720   0x00000028   Data   RO         3775    .constdata          m_ws.l(sin_i.o)
    0x08003748   0x00000081   Data   RO         3835    .constdata          mc_w.l(ctype_o.o)
    0x080037c9   0x00000003   PAD
    0x080037cc   0x00000004   Data   RO         3836    .constdata          mc_w.l(ctype_o.o)
    0x080037d0   0x00000020   Data   RO         3881    Region$$Table       anon$$obj.o


    Execution Region ER_RW (Base: 0x20000000, Size: 0x00000474, Max: 0xffffffff, ABSOLUTE, COMPRESSED[0x0000017c])

    Base Addr    Size         Type   Attr      Idx    E Section Name        Object

    0x20000000   0x0000000d   Data   RW          150    .data               uart_driver.o
    0x2000000d   0x00000003   PAD
    0x20000010   0x00000032   Data   RW          201    .data               main.o
    0x20000042   0x0000040c   Data   RW          325    .data               ssd1306.o
    0x2000044e   0x00000014   Data   RW         2201    .data               stm32f10x_rcc.o
    0x20000462   0x00000002   PAD
    0x20000464   0x00000004   Data   RW         3682    .data               mc_w.l(strtok.o)
    0x20000468   0x00000004   Data   RW         3804    .data               mc_w.l(mvars.o)
    0x2000046c   0x00000004   Data   RW         3805    .data               mc_w.l(mvars.o)
    0x20000470   0x00000004   Data   RW         3809    .data               mc_w.l(errno.o)


    Execution Region ER_ZI (Base: 0x20000474, Size: 0x0000257c, Max: 0xffffffff, ABSOLUTE)

    Base Addr    Size         Type   Attr      Idx    E Section Name        Object

    0x20000474   0x00000134   Zero   RW          199    .bss                main.o
    0x200005a8   0x00002048   Zero   RW         3632    HEAP                startup_stm32f10x_md.o
    0x200025f0   0x00000400   Zero   RW         3631    STACK               startup_stm32f10x_md.o


==============================================================================

Image component sizes


      Code (inc. data)   RO Data    RW Data    ZI Data      Debug   Object Name

         0          0          0          0          0         32   core_cm3.o
        18          0          0          0          0     233397   delay.o
       152          0          0          0          0       3225   directiondata.o
      1998        200        768         50        308       9223   main.o
       112         12          0          0          0      11712   misc.o
       948         94          0       1036          0     212688   ssd1306.o
        36          8        236          0       9288        888   startup_stm32f10x_md.o
       286          0          0          0          0      11648   stm32f10x_gpio.o
       430         14          0          0          0      14942   stm32f10x_i2c.o
       340         44          0         20          0      14632   stm32f10x_rcc.o
       628         28          0          0          0      13866   stm32f10x_usart.o
       328         28          0          0          0       2177   system_stm32f10x.o
       402         48          0         13          0       3083   uart_driver.o

    ----------------------------------------------------------------------
      5694        476       1036       1124       9596     531513   Object Totals
         0          0         32          0          0          0   (incl. Generated)
        16          0          0          5          0          0   (incl. Padding)

    ----------------------------------------------------------------------

      Code (inc. data)   RO Data    RW Data    ZI Data      Debug   Library Member Name

       544         70        152          0          0        124   atan.o
       384         38          0          0          0        144   atan2.o
        42          0          0          0          0         84   atof.o
       156          8          0          0          0        104   cos.o
       252         22         48          0          0        124   cos_i.o
        38          6          0          0          0        272   dunder.o
        40          0          0          0          0         68   fpclassify.o
       170          0          0          0          0         96   poly.o
         0          0          8          0          0          0   qnan.o
       904         76        200          0          0        140   rred.o
       160         10          0          0          0        108   sin.o
       236         12         40          0          0        128   sin_i.o
        76          0          0          0          0         84   sqrt.o
        86          0          0          0          0          0   __dczerorl2.o
        28          0          0          0          0         68   _chval.o
        64          0          0          0          0         84   _sgetc.o
       158          0          0          0          0         92   _strtoul.o
        26          0          0          0          0         80   atoi.o
         8          4        133          0          0         68   ctype_o.o
         0          0          0          0          0          0   entry.o
         0          0          0          0          0          0   entry10a.o
         0          0          0          0          0          0   entry11a.o
         8          4          0          0          0          0   entry2.o
         4          0          0          0          0          0   entry5.o
         0          0          0          0          0          0   entry7b.o
         0          0          0          0          0          0   entry8b.o
         8          4          0          0          0          0   entry9a.o
        32         16          0          4          0        204   errno.o
        30          0          0          0          0          0   handlers.o
        36          8          0          0          0         68   init.o
        18          0          0          0          0         76   isspace_o.o
         0          0          0          0          0          0   iusefp.o
        30          0          0          0          0         68   llshl.o
        36          0          0          0          0         68   llsshr.o
        32          0          0          0          0         68   llushr.o
       188         20          0          0          0        160   malloc.o
         0          0          0          8          0          0   mvars.o
       838         12          0          0          0        216   scanf_fp.o
        18          0          0          0          0         68   strcpy.o
        36          0          0          0          0         80   strstr.o
       156         14          0          0          0        120   strtod.o
        68          6          0          4          0         80   strtok.o
       112          0          0          0          0         88   strtol.o
        20          0          0          0          0         68   cfcmple.o
        20          0          0          0          0         68   cfrcmple.o
        56          0          0          0          0         88   d2f.o
       334          0          0          0          0        148   dadd.o
       222          0          0          0          0        100   ddiv.o
       186          0          0          0          0        176   depilogue.o
        62          0          0          0          0         80   dfixi.o
        34          0          0          0          0         76   dflti.o
        26          0          0          0          0         76   dfltui.o
        24          0          0          0          0         76   dfltul.o
       228          0          0          0          0         96   dmul.o
        46          0          0          0          0         80   dscalb.o
       162          0          0          0          0        100   dsqrt.o
        38          0          0          0          0         68   f2d.o
       176          0          0          0          0        140   fadd.o
       124          0          0          0          0         88   fdiv.o
       110          0          0          0          0        168   fepilogue.o
       100          0          0          0          0         76   fmul.o

    ----------------------------------------------------------------------
      7006        330        584         16          0       5004   Library Totals
        16          0          3          0          0          0   (incl. Padding)

    ----------------------------------------------------------------------

      Code (inc. data)   RO Data    RW Data    ZI Data      Debug   Library Name

      3002        242        448          0          0       1476   m_ws.l
      2020         88        133         16          0       1756   mc_w.l
      1968          0          0          0          0       1772   mf_w.l

    ----------------------------------------------------------------------
      7006        330        584         16          0       5004   Library Totals

    ----------------------------------------------------------------------

==============================================================================


      Code (inc. data)   RO Data    RW Data    ZI Data      Debug   

     12700        806       1620       1140       9596     531133   Grand Totals
     12700        806       1620        380       9596     531133   ELF Image Totals (compressed)
     12700        806       1620        380          0          0   ROM Totals

==============================================================================

    Total RO  Size (Code + RO Data)                14320 (  13.98kB)
    Total RW  Size (RW Data + ZI Data)             10736 (  10.48kB)
    Total ROM Size (Code + RO Data + RW Data)      14700 (  14.36kB)

==============================================================================

